
1883045 : 0x67def8ff59aff : 1 : spill_jit_data :  Jit agent is not initialized
1883025 : 0x67def8ff6ed67 : 2 : ittapi_config_mask_get :  --itt-config mask to be applied: 55
1883025 : 0x67def8ff71411 : 2 : ittapi_config_apply_per_lib :  ITTAPI function instrumented: __itt_domain_create
1883025 : 0x67def8ff729b8 : 2 : ittapi_config_apply_per_lib :  ITTAPI function instrumented: __itt_module_load_with_sections
1883025 : 0x67def8ff73f52 : 2 : ittapi_config_apply_per_lib :  ITTAPI function not implemented: __itt_module_unload_with_sections
1883025 : 0x67def8ff75191 : 2 : ittapi_config_apply_per_lib :  ITTAPI function instrumented: __itt_string_handle_create
1883025 : 0x67def8ff761a8 : 2 : ittapi_config_apply_per_lib :  ITTAPI function instrumented: __itt_counter_create
1883025 : 0x67def8ff771ea : 2 : ittapi_config_apply_per_lib :  ITTAPI function instrumented: __itt_counter_create_typed
1883025 : 0x67def8ff782a7 : 2 : ittapi_config_apply_per_lib :  ITTAPI function instrumented: __itt_pause
1883025 : 0x67def8ff79380 : 2 : ittapi_config_apply_per_lib :  ITTAPI function instrumented: __itt_resume
1883025 : 0x67def8ff812c4 : 2 : ittapi_config_apply_per_lib :  ITTAPI function not implemented: __itt_pause_scoped
1883025 : 0x67def8ff825ef : 2 : ittapi_config_apply_per_lib :  ITTAPI function not implemented: __itt_resume_scoped
1883025 : 0x67def8ff835d6 : 2 : ittapi_config_apply_per_lib :  ITTAPI function instrumented: __itt_thread_set_name
1883025 : 0x67def8ff84689 : 2 : ittapi_config_apply_per_lib :  ITTAPI function instrumented: __itt_thread_ignore
1883025 : 0x67def8ff85649 : 2 : ittapi_config_apply_per_lib :  ITTAPI function instrumented: __itt_thr_name_set
1883025 : 0x67def8ff86669 : 2 : ittapi_config_apply_per_lib :  ITTAPI function instrumented: __itt_thr_ignore
1883025 : 0x67def8ff87691 : 2 : ittapi_config_apply_per_lib :  ITTAPI function instrumented: __itt_histogram_create
1883025 : 0x67def8ff88685 : 2 : ittapi_config_apply_per_lib :  ITTAPI function instrumented: __itt_counter_create_v3
1883025 : 0x67def8ff89737 : 2 : ittapi_config_apply_per_lib :  ITTAPI function instrumented: __itt_bind_context_metadata_to_counter
1883025 : 0x67def8ff8a89b : 2 : ittapi_config_apply_per_lib :  ITTAPI function not implemented: __itt_enable_attach
1883025 : 0x67def8ff8d89d : 2 : ittapi_config_apply_per_lib :  ITTAPI function instrumented: __itt_detach
1883025 : 0x67def8ff8e118 : 2 : ittapi_config_apply_per_lib :  ITTAPI function NOT instrumented (not matched by --itt-config option): __itt_sync_create

1883025 : 0x67def8ff8e9cd : 2 : ittapi_config_apply_per_lib :  ITTAPI function NOT instrumented (not matched by --itt-config option): __itt_sync_rename

1883025 : 0x67def8ff8f285 : 2 : ittapi_config_apply_per_lib :  ITTAPI function NOT instrumented (not matched by --itt-config option): __itt_sync_destroy

1883025 : 0x67def8ff8fa9a : 2 : ittapi_config_apply_per_lib :  ITTAPI function NOT instrumented (not matched by --itt-config option): __itt_sync_prepare

1883025 : 0x67def8ff9040d : 2 : ittapi_config_apply_per_lib :  ITTAPI function NOT instrumented (not matched by --itt-config option): __itt_sync_cancel

1883025 : 0x67def8ff90c3d : 2 : ittapi_config_apply_per_lib :  ITTAPI function NOT instrumented (not matched by --itt-config option): __itt_sync_acquired

1883025 : 0x67def8ff91418 : 2 : ittapi_config_apply_per_lib :  ITTAPI function NOT instrumented (not matched by --itt-config option): __itt_sync_releasing

1883025 : 0x67def8ff92504 : 2 : ittapi_config_apply_per_lib :  ITTAPI function not implemented: __itt_suppress_push
1883025 : 0x67def8ff93722 : 2 : ittapi_config_apply_per_lib :  ITTAPI function not implemented: __itt_suppress_pop
1883025 : 0x67def8ff98728 : 2 : ittapi_config_apply_per_lib :  ITTAPI function not implemented: __itt_suppress_mark_range
1883025 : 0x67def8ff99844 : 2 : ittapi_config_apply_per_lib :  ITTAPI function not implemented: __itt_suppress_clear_range
1883025 : 0x67def8ff9a071 : 2 : ittapi_config_apply_per_lib :  ITTAPI function NOT instrumented (not matched by --itt-config option): __itt_sync_prepare

1883025 : 0x67def8ff9a8df : 2 : ittapi_config_apply_per_lib :  ITTAPI function NOT instrumented (not matched by --itt-config option): __itt_sync_cancel

1883025 : 0x67def8ff9b0d3 : 2 : ittapi_config_apply_per_lib :  ITTAPI function NOT instrumented (not matched by --itt-config option): __itt_sync_acquired

1883025 : 0x67def8ff9b89c : 2 : ittapi_config_apply_per_lib :  ITTAPI function NOT instrumented (not matched by --itt-config option): __itt_sync_releasing

1883025 : 0x67def8ff9c0f9 : 2 : ittapi_config_apply_per_lib :  ITTAPI function NOT instrumented (not matched by --itt-config option): __itt_model_site_begin

1883025 : 0x67def8ff9c8cc : 2 : ittapi_config_apply_per_lib :  ITTAPI function NOT instrumented (not matched by --itt-config option): __itt_model_site_end

1883025 : 0x67def8ff9d0dd : 2 : ittapi_config_apply_per_lib :  ITTAPI function NOT instrumented (not matched by --itt-config option): __itt_model_task_begin

1883025 : 0x67def8ff9d8eb : 2 : ittapi_config_apply_per_lib :  ITTAPI function NOT instrumented (not matched by --itt-config option): __itt_model_task_end

1883025 : 0x67def8ffa0fc5 : 2 : ittapi_config_apply_per_lib :  ITTAPI function NOT instrumented (not matched by --itt-config option): __itt_model_lock_acquire

1883025 : 0x67def8ffa1882 : 2 : ittapi_config_apply_per_lib :  ITTAPI function NOT instrumented (not matched by --itt-config option): __itt_model_lock_release

1883025 : 0x67def8ffa2091 : 2 : ittapi_config_apply_per_lib :  ITTAPI function NOT instrumented (not matched by --itt-config option): __itt_model_record_allocation

1883025 : 0x67def8ffa28c0 : 2 : ittapi_config_apply_per_lib :  ITTAPI function NOT instrumented (not matched by --itt-config option): __itt_model_record_deallocation

1883025 : 0x67def8ffa3178 : 2 : ittapi_config_apply_per_lib :  ITTAPI function NOT instrumented (not matched by --itt-config option): __itt_model_induction_uses

1883025 : 0x67def8ffa3954 : 2 : ittapi_config_apply_per_lib :  ITTAPI function NOT instrumented (not matched by --itt-config option): __itt_model_reduction_uses

1883025 : 0x67def8ffa4162 : 2 : ittapi_config_apply_per_lib :  ITTAPI function NOT instrumented (not matched by --itt-config option): __itt_model_observe_uses

1883025 : 0x67def8ffa4968 : 2 : ittapi_config_apply_per_lib :  ITTAPI function NOT instrumented (not matched by --itt-config option): __itt_model_clear_uses

1883025 : 0x67def8ffa51ac : 2 : ittapi_config_apply_per_lib :  ITTAPI function NOT instrumented (not matched by --itt-config option): __itt_model_site_beginA

1883025 : 0x67def8ffa59b8 : 2 : ittapi_config_apply_per_lib :  ITTAPI function NOT instrumented (not matched by --itt-config option): __itt_model_site_beginAL

1883025 : 0x67def8ffa7c89 : 2 : ittapi_config_apply_per_lib :  ITTAPI function NOT instrumented (not matched by --itt-config option): __itt_model_task_beginA

1883025 : 0x67def8ffa850d : 2 : ittapi_config_apply_per_lib :  ITTAPI function NOT instrumented (not matched by --itt-config option): __itt_model_task_beginAL

1883025 : 0x67def8ffa8d38 : 2 : ittapi_config_apply_per_lib :  ITTAPI function NOT instrumented (not matched by --itt-config option): __itt_model_iteration_taskA

1883025 : 0x67def8ffa957e : 2 : ittapi_config_apply_per_lib :  ITTAPI function NOT instrumented (not matched by --itt-config option): __itt_model_iteration_taskAL

1883025 : 0x67def8ffa9d4a : 2 : ittapi_config_apply_per_lib :  ITTAPI function NOT instrumented (not matched by --itt-config option): __itt_model_site_end_2

1883025 : 0x67def8ffaa517 : 2 : ittapi_config_apply_per_lib :  ITTAPI function NOT instrumented (not matched by --itt-config option): __itt_model_task_end_2

1883025 : 0x67def8ffaad5d : 2 : ittapi_config_apply_per_lib :  ITTAPI function NOT instrumented (not matched by --itt-config option): __itt_model_lock_acquire_2

1883025 : 0x67def8ffab523 : 2 : ittapi_config_apply_per_lib :  ITTAPI function NOT instrumented (not matched by --itt-config option): __itt_model_lock_release_2

1883025 : 0x67def8ffabced : 2 : ittapi_config_apply_per_lib :  ITTAPI function NOT instrumented (not matched by --itt-config option): __itt_model_aggregate_task

1883025 : 0x67def8ffac4be : 2 : ittapi_config_apply_per_lib :  ITTAPI function NOT instrumented (not matched by --itt-config option): __itt_model_disable_push

1883025 : 0x67def8ffaf205 : 2 : ittapi_config_apply_per_lib :  ITTAPI function NOT instrumented (not matched by --itt-config option): __itt_model_disable_pop

1883025 : 0x67def8ffb0338 : 2 : ittapi_config_apply_per_lib :  ITTAPI function instrumented: __itt_heap_function_create
1883025 : 0x67def8ffb1350 : 2 : ittapi_config_apply_per_lib :  ITTAPI function instrumented: __itt_heap_allocate_begin
1883025 : 0x67def8ffb22e3 : 2 : ittapi_config_apply_per_lib :  ITTAPI function instrumented: __itt_heap_allocate_end
1883025 : 0x67def8ffb32a6 : 2 : ittapi_config_apply_per_lib :  ITTAPI function instrumented: __itt_heap_free_begin
1883025 : 0x67def8ffb426a : 2 : ittapi_config_apply_per_lib :  ITTAPI function instrumented: __itt_heap_free_end
1883025 : 0x67def8ffb521a : 2 : ittapi_config_apply_per_lib :  ITTAPI function instrumented: __itt_heap_reallocate_begin
1883025 : 0x67def8ffb6242 : 2 : ittapi_config_apply_per_lib :  ITTAPI function instrumented: __itt_heap_reallocate_end
1883025 : 0x67def8ffb730d : 2 : ittapi_config_apply_per_lib :  ITTAPI function not implemented: __itt_heap_internal_access_begin
1883025 : 0x67def8ffb83c9 : 2 : ittapi_config_apply_per_lib :  ITTAPI function not implemented: __itt_heap_internal_access_end
1883025 : 0x67def8ffbb0ad : 2 : ittapi_config_apply_per_lib :  ITTAPI function not implemented: __itt_heap_record_memory_growth_begin
1883025 : 0x67def8ffbc32e : 2 : ittapi_config_apply_per_lib :  ITTAPI function not implemented: __itt_heap_record_memory_growth_end
1883025 : 0x67def8ffbd3e6 : 2 : ittapi_config_apply_per_lib :  ITTAPI function not implemented: __itt_heap_reset_detection
1883025 : 0x67def8ffbe5b1 : 2 : ittapi_config_apply_per_lib :  ITTAPI function not implemented: __itt_heap_record
1883025 : 0x67def8ffbf64a : 2 : ittapi_config_apply_per_lib :  ITTAPI function not implemented: __itt_id_create
1883025 : 0x67def8ffc075e : 2 : ittapi_config_apply_per_lib :  ITTAPI function not implemented: __itt_id_destroy
1883025 : 0x67def8ffc1778 : 2 : ittapi_config_apply_per_lib :  ITTAPI function instrumented: __itt_get_timestamp
1883025 : 0x67def8ffc27d5 : 2 : ittapi_config_apply_per_lib :  ITTAPI function not implemented: __itt_region_begin
1883025 : 0x67def8ffc382b : 2 : ittapi_config_apply_per_lib :  ITTAPI function not implemented: __itt_region_end
1883025 : 0x67def8ffc483e : 2 : ittapi_config_apply_per_lib :  ITTAPI function instrumented: __itt_frame_begin_v3
1883025 : 0x67def8ffc7380 : 2 : ittapi_config_apply_per_lib :  ITTAPI function instrumented: __itt_frame_end_v3
1883025 : 0x67def8ffc83f1 : 2 : ittapi_config_apply_per_lib :  ITTAPI function instrumented: __itt_frame_submit_v3
1883025 : 0x67def8ffc9466 : 2 : ittapi_config_apply_per_lib :  ITTAPI function not implemented: __itt_task_group
1883025 : 0x67def8ffca52a : 2 : ittapi_config_apply_per_lib :  ITTAPI function instrumented: __itt_task_begin
1883025 : 0x67def8ffcb523 : 2 : ittapi_config_apply_per_lib :  ITTAPI function instrumented: __itt_task_begin_fn
1883025 : 0x67def8ffcc521 : 2 : ittapi_config_apply_per_lib :  ITTAPI function instrumented: __itt_task_end
1883025 : 0x67def8ffcd5a4 : 2 : ittapi_config_apply_per_lib :  ITTAPI function not implemented: __itt_counter_inc_v3
1883025 : 0x67def8ffce600 : 2 : ittapi_config_apply_per_lib :  ITTAPI function not implemented: __itt_counter_inc_delta_v3
1883025 : 0x67def8ffcf799 : 2 : ittapi_config_apply_per_lib :  ITTAPI function not implemented: __itt_counter_dec_v3
1883025 : 0x67def8ffd07d5 : 2 : ittapi_config_apply_per_lib :  ITTAPI function not implemented: __itt_counter_dec_delta_v3
1883025 : 0x67def8ffd334a : 2 : ittapi_config_apply_per_lib :  ITTAPI function not implemented: __itt_marker
1883025 : 0x67def8ffd43c1 : 2 : ittapi_config_apply_per_lib :  ITTAPI function instrumented: __itt_metadata_add
1883025 : 0x67def8ffd54a7 : 2 : ittapi_config_apply_per_lib :  ITTAPI function not implemented: __itt_metadata_str_add
1883025 : 0x67def8ffd6507 : 2 : ittapi_config_apply_per_lib :  ITTAPI function not implemented: __itt_relation_add_to_current
1883025 : 0x67def8ffd759b : 2 : ittapi_config_apply_per_lib :  ITTAPI function not implemented: __itt_relation_add
1883025 : 0x67def8ffd8569 : 2 : ittapi_config_apply_per_lib :  ITTAPI function instrumented: __itt_event_create
1883025 : 0x67def8ffd955a : 2 : ittapi_config_apply_per_lib :  ITTAPI function instrumented: __itt_event_start
1883025 : 0x67def8ffda4ff : 2 : ittapi_config_apply_per_lib :  ITTAPI function instrumented: __itt_event_end
1883025 : 0x67def8ffdad08 : 2 : ittapi_config_apply_per_lib :  ITTAPI function NOT instrumented (not matched by --itt-config option): __itt_sync_set_name

1883025 : 0x67def8ffdb518 : 2 : ittapi_config_apply_per_lib :  ITTAPI function NOT instrumented (not matched by --itt-config option): __itt_notify_sync_name

1883025 : 0x67def8ffde205 : 2 : ittapi_config_apply_per_lib :  ITTAPI function NOT instrumented (not matched by --itt-config option): __itt_notify_sync_prepare

1883025 : 0x67def8ffdea5e : 2 : ittapi_config_apply_per_lib :  ITTAPI function NOT instrumented (not matched by --itt-config option): __itt_notify_sync_cancel

1883025 : 0x67def8ffdf282 : 2 : ittapi_config_apply_per_lib :  ITTAPI function NOT instrumented (not matched by --itt-config option): __itt_notify_sync_acquired

1883025 : 0x67def8ffdfa92 : 2 : ittapi_config_apply_per_lib :  ITTAPI function NOT instrumented (not matched by --itt-config option): __itt_notify_sync_releasing

1883025 : 0x67def8ffe0c5d : 2 : ittapi_config_apply_per_lib :  ITTAPI function not implemented: __itt_memory_read
1883025 : 0x67def8ffe1ca1 : 2 : ittapi_config_apply_per_lib :  ITTAPI function not implemented: __itt_memory_write
1883025 : 0x67def8ffe2d3b : 2 : ittapi_config_apply_per_lib :  ITTAPI function not implemented: __itt_memory_update
1883025 : 0x67def8ffe3dd1 : 2 : ittapi_config_apply_per_lib :  ITTAPI function not implemented: __itt_state_get
1883025 : 0x67def8ffe4dec : 2 : ittapi_config_apply_per_lib :  ITTAPI function not implemented: __itt_state_set
1883025 : 0x67def8ffe5e94 : 2 : ittapi_config_apply_per_lib :  ITTAPI function not implemented: __itt_obj_mode_set
1883025 : 0x67def8ffe8a21 : 2 : ittapi_config_apply_per_lib :  ITTAPI function not implemented: __itt_thr_mode_set
1883025 : 0x67def8ffe9a2d : 2 : ittapi_config_apply_per_lib :  ITTAPI function instrumented: __itt_frame_create
1883025 : 0x67def8ffea9fb : 2 : ittapi_config_apply_per_lib :  ITTAPI function instrumented: __itt_pt_region_create
1883025 : 0x67def8ffeb9f6 : 2 : ittapi_config_apply_per_lib :  ITTAPI function instrumented: __itt_frame_begin
1883025 : 0x67def8ffec989 : 2 : ittapi_config_apply_per_lib :  ITTAPI function instrumented: __itt_frame_end
1883025 : 0x67def8ffeda29 : 2 : ittapi_config_apply_per_lib :  ITTAPI function not implemented: __itt_counter_destroy
1883025 : 0x67def8ffee9fd : 2 : ittapi_config_apply_per_lib :  ITTAPI function instrumented: __itt_counter_inc
1883025 : 0x67def8ffef9a6 : 2 : ittapi_config_apply_per_lib :  ITTAPI function instrumented: __itt_counter_inc_delta
1883025 : 0x67def8fff0960 : 2 : ittapi_config_apply_per_lib :  ITTAPI function instrumented: __itt_counter_dec
1883025 : 0x67def8fff1922 : 2 : ittapi_config_apply_per_lib :  ITTAPI function instrumented: __itt_counter_dec_delta
1883025 : 0x67def8fff43b6 : 2 : ittapi_config_apply_per_lib :  ITTAPI function instrumented: __itt_counter_set_value
1883025 : 0x67def8fff5474 : 2 : ittapi_config_apply_per_lib :  ITTAPI function not implemented: __itt_counter_set_value_ex
1883025 : 0x67def8fff64bd : 2 : ittapi_config_apply_per_lib :  ITTAPI function not implemented: __itt_mark_create
1883025 : 0x67def8fff7581 : 2 : ittapi_config_apply_per_lib :  ITTAPI function not implemented: __itt_mark
1883025 : 0x67def8fff85db : 2 : ittapi_config_apply_per_lib :  ITTAPI function not implemented: __itt_mark_off
1883025 : 0x67def8fff962a : 2 : ittapi_config_apply_per_lib :  ITTAPI function not implemented: __itt_mark_global
1883025 : 0x67def8fffa671 : 2 : ittapi_config_apply_per_lib :  ITTAPI function not implemented: __itt_mark_global_off
1883025 : 0x67def8fffb6c1 : 2 : ittapi_config_apply_per_lib :  ITTAPI function instrumented: __itt_stack_caller_create
1883025 : 0x67def8fffc6c7 : 2 : ittapi_config_apply_per_lib :  ITTAPI function instrumented: __itt_stack_caller_destroy
1883025 : 0x67def8fffd68a : 2 : ittapi_config_apply_per_lib :  ITTAPI function instrumented: __itt_stack_callee_enter
1883025 : 0x67def90000c53 : 2 : ittapi_config_apply_per_lib :  ITTAPI function instrumented: __itt_stack_callee_leave
1883025 : 0x67def90001d40 : 2 : ittapi_config_apply_per_lib :  ITTAPI function not implemented: __itt_clock_domain_create
1883025 : 0x67def90002dbd : 2 : ittapi_config_apply_per_lib :  ITTAPI function not implemented: __itt_clock_domain_reset
1883025 : 0x67def90003e3b : 2 : ittapi_config_apply_per_lib :  ITTAPI function not implemented: __itt_id_create_ex
1883025 : 0x67def90004e91 : 2 : ittapi_config_apply_per_lib :  ITTAPI function not implemented: __itt_id_destroy_ex
1883025 : 0x67def90005ef6 : 2 : ittapi_config_apply_per_lib :  ITTAPI function not implemented: __itt_task_begin_ex
1883025 : 0x67def90006f08 : 2 : ittapi_config_apply_per_lib :  ITTAPI function not implemented: __itt_task_begin_fn_ex
1883025 : 0x67def90007f18 : 2 : ittapi_config_apply_per_lib :  ITTAPI function not implemented: __itt_task_end_ex
1883025 : 0x67def90008f62 : 2 : ittapi_config_apply_per_lib :  ITTAPI function instrumented: __itt_task_begin_overlapped
1883025 : 0x67def9000a023 : 2 : ittapi_config_apply_per_lib :  ITTAPI function not implemented: __itt_task_begin_overlapped_ex
1883025 : 0x67def9000cb4f : 2 : ittapi_config_apply_per_lib :  ITTAPI function instrumented: __itt_task_end_overlapped
1883025 : 0x67def9000dc48 : 2 : ittapi_config_apply_per_lib :  ITTAPI function not implemented: __itt_task_end_overlapped_ex
1883025 : 0x67def9000eca4 : 2 : ittapi_config_apply_per_lib :  ITTAPI function not implemented: __itt_marker_ex
1883025 : 0x67def9000fda0 : 2 : ittapi_config_apply_per_lib :  ITTAPI function not implemented: __itt_metadata_add_with_scope
1883025 : 0x67def90010e74 : 2 : ittapi_config_apply_per_lib :  ITTAPI function not implemented: __itt_metadata_str_add_with_scope
1883025 : 0x67def90011f14 : 2 : ittapi_config_apply_per_lib :  ITTAPI function not implemented: __itt_relation_add_to_current_ex
1883025 : 0x67def90012fc2 : 2 : ittapi_config_apply_per_lib :  ITTAPI function not implemented: __itt_relation_add_ex
1883025 : 0x67def90014053 : 2 : ittapi_config_apply_per_lib :  ITTAPI function not implemented: __itt_track_group_create
1883025 : 0x67def9001505c : 2 : ittapi_config_apply_per_lib :  ITTAPI function not implemented: __itt_track_create
1883025 : 0x67def9001607b : 2 : ittapi_config_apply_per_lib :  ITTAPI function not implemented: __itt_set_track
1883025 : 0x67def90018bdd : 2 : ittapi_config_apply_per_lib :  ITTAPI function instrumented: __itt_api_version
1883025 : 0x67def90019c96 : 2 : ittapi_config_apply_per_lib :  ITTAPI function not implemented: __itt_av_save
1883025 : 0x67def9001ac72 : 2 : ittapi_config_apply_per_lib :  ITTAPI function instrumented: __itt_module_load
1883025 : 0x67def9001bcc9 : 2 : ittapi_config_apply_per_lib :  ITTAPI function not implemented: __itt_module_unload
1883025 : 0x67def9001c4b4 : 2 : ittapi_config_apply_per_lib :  ITTAPI function NOT instrumented (not matched by --itt-config option): __itt_histogram_submit

1883025 : 0x67def9001d4bf : 2 : ittapi_config_apply_per_lib :  ITTAPI function instrumented: __itt_counter_set_value_v3