
1883211 : 0x67df32ae26fb5 : 1 : spill_jit_data :  Jit agent is not initialized
1883179 : 0x67df32ae3882f : 2 : ittapi_config_mask_get :  --itt-config mask to be applied: 55
1883179 : 0x67df32ae3afa3 : 2 : ittapi_config_apply_per_lib :  ITTAPI function instrumented: __itt_domain_create
1883179 : 0x67df32ae3c65d : 2 : ittapi_config_apply_per_lib :  ITTAPI function instrumented: __itt_module_load_with_sections
1883179 : 0x67df32ae3dca7 : 2 : ittapi_config_apply_per_lib :  ITTAPI function not implemented: __itt_module_unload_with_sections
1883179 : 0x67df32ae3f17a : 2 : ittapi_config_apply_per_lib :  ITTAPI function instrumented: __itt_string_handle_create
1883179 : 0x67df32ae403f2 : 2 : ittapi_config_apply_per_lib :  ITTAPI function instrumented: __itt_counter_create
1883179 : 0x67df32ae415d4 : 2 : ittapi_config_apply_per_lib :  ITTAPI function instrumented: __itt_counter_create_typed
1883179 : 0x67df32ae427db : 2 : ittapi_config_apply_per_lib :  ITTAPI function instrumented: __itt_pause
1883179 : 0x67df32ae43a0c : 2 : ittapi_config_apply_per_lib :  ITTAPI function instrumented: __itt_resume
1883179 : 0x67df32ae4d05c : 2 : ittapi_config_apply_per_lib :  ITTAPI function not implemented: __itt_pause_scoped
1883179 : 0x67df32ae4e6a1 : 2 : ittapi_config_apply_per_lib :  ITTAPI function not implemented: __itt_resume_scoped
1883179 : 0x67df32ae4f8ad : 2 : ittapi_config_apply_per_lib :  ITTAPI function instrumented: __itt_thread_set_name
1883179 : 0x67df32ae50aba : 2 : ittapi_config_apply_per_lib :  ITTAPI function instrumented: __itt_thread_ignore
1883179 : 0x67df32ae51c70 : 2 : ittapi_config_apply_per_lib :  ITTAPI function instrumented: __itt_thr_name_set
1883179 : 0x67df32ae52ed3 : 2 : ittapi_config_apply_per_lib :  ITTAPI function instrumented: __itt_thr_ignore
1883179 : 0x67df32ae540eb : 2 : ittapi_config_apply_per_lib :  ITTAPI function instrumented: __itt_histogram_create
1883179 : 0x67df32ae552d4 : 2 : ittapi_config_apply_per_lib :  ITTAPI function instrumented: __itt_counter_create_v3
1883179 : 0x67df32ae5658b : 2 : ittapi_config_apply_per_lib :  ITTAPI function instrumented: __itt_bind_context_metadata_to_counter
1883179 : 0x67df32ae578f5 : 2 : ittapi_config_apply_per_lib :  ITTAPI function not implemented: __itt_enable_attach
1883179 : 0x67df32ae5ae2c : 2 : ittapi_config_apply_per_lib :  ITTAPI function instrumented: __itt_detach
1883179 : 0x67df32ae5b7aa : 2 : ittapi_config_apply_per_lib :  ITTAPI function NOT instrumented (not matched by --itt-config option): __itt_sync_create

1883179 : 0x67df32ae5c20a : 2 : ittapi_config_apply_per_lib :  ITTAPI function NOT instrumented (not matched by --itt-config option): __itt_sync_rename

1883179 : 0x67df32ae5cb21 : 2 : ittapi_config_apply_per_lib :  ITTAPI function NOT instrumented (not matched by --itt-config option): __itt_sync_destroy

1883179 : 0x67df32ae5d430 : 2 : ittapi_config_apply_per_lib :  ITTAPI function NOT instrumented (not matched by --itt-config option): __itt_sync_prepare

1883179 : 0x67df32ae5deac : 2 : ittapi_config_apply_per_lib :  ITTAPI function NOT instrumented (not matched by --itt-config option): __itt_sync_cancel

1883179 : 0x67df32ae5e7b7 : 2 : ittapi_config_apply_per_lib :  ITTAPI function NOT instrumented (not matched by --itt-config option): __itt_sync_acquired

1883179 : 0x67df32ae5f060 : 2 : ittapi_config_apply_per_lib :  ITTAPI function NOT instrumented (not matched by --itt-config option): __itt_sync_releasing

1883179 : 0x67df32ae60337 : 2 : ittapi_config_apply_per_lib :  ITTAPI function not implemented: __itt_suppress_push
1883179 : 0x67df32ae6179e : 2 : ittapi_config_apply_per_lib :  ITTAPI function not implemented: __itt_suppress_pop
1883179 : 0x67df32ae648aa : 2 : ittapi_config_apply_per_lib :  ITTAPI function not implemented: __itt_suppress_mark_range
1883179 : 0x67df32ae65b59 : 2 : ittapi_config_apply_per_lib :  ITTAPI function not implemented: __itt_suppress_clear_range
1883179 : 0x67df32ae66483 : 2 : ittapi_config_apply_per_lib :  ITTAPI function NOT instrumented (not matched by --itt-config option): __itt_sync_prepare

1883179 : 0x67df32ae66ddb : 2 : ittapi_config_apply_per_lib :  ITTAPI function NOT instrumented (not matched by --itt-config option): __itt_sync_cancel

1883179 : 0x67df32ae676c8 : 2 : ittapi_config_apply_per_lib :  ITTAPI function NOT instrumented (not matched by --itt-config option): __itt_sync_acquired

1883179 : 0x67df32ae67f72 : 2 : ittapi_config_apply_per_lib :  ITTAPI function NOT instrumented (not matched by --itt-config option): __itt_sync_releasing

1883179 : 0x67df32ae688a0 : 2 : ittapi_config_apply_per_lib :  ITTAPI function NOT instrumented (not matched by --itt-config option): __itt_model_site_begin

1883179 : 0x67df32ae6914d : 2 : ittapi_config_apply_per_lib :  ITTAPI function NOT instrumented (not matched by --itt-config option): __itt_model_site_end

1883179 : 0x67df32ae69a3e : 2 : ittapi_config_apply_per_lib :  ITTAPI function NOT instrumented (not matched by --itt-config option): __itt_model_task_begin

1883179 : 0x67df32ae6a325 : 2 : ittapi_config_apply_per_lib :  ITTAPI function NOT instrumented (not matched by --itt-config option): __itt_model_task_end

1883179 : 0x67df32ae6ddeb : 2 : ittapi_config_apply_per_lib :  ITTAPI function NOT instrumented (not matched by --itt-config option): __itt_model_lock_acquire

1883179 : 0x67df32ae6e79e : 2 : ittapi_config_apply_per_lib :  ITTAPI function NOT instrumented (not matched by --itt-config option): __itt_model_lock_release

1883179 : 0x67df32ae6f084 : 2 : ittapi_config_apply_per_lib :  ITTAPI function NOT instrumented (not matched by --itt-config option): __itt_model_record_allocation

1883179 : 0x67df32ae6f979 : 2 : ittapi_config_apply_per_lib :  ITTAPI function NOT instrumented (not matched by --itt-config option): __itt_model_record_deallocation

1883179 : 0x67df32ae70320 : 2 : ittapi_config_apply_per_lib :  ITTAPI function NOT instrumented (not matched by --itt-config option): __itt_model_induction_uses

1883179 : 0x67df32ae70bc9 : 2 : ittapi_config_apply_per_lib :  ITTAPI function NOT instrumented (not matched by --itt-config option): __itt_model_reduction_uses

1883179 : 0x67df32ae714ae : 2 : ittapi_config_apply_per_lib :  ITTAPI function NOT instrumented (not matched by --itt-config option): __itt_model_observe_uses

1883179 : 0x67df32ae71d9a : 2 : ittapi_config_apply_per_lib :  ITTAPI function NOT instrumented (not matched by --itt-config option): __itt_model_clear_uses

1883179 : 0x67df32ae72644 : 2 : ittapi_config_apply_per_lib :  ITTAPI function NOT instrumented (not matched by --itt-config option): __itt_model_site_beginA

1883179 : 0x67df32ae72f33 : 2 : ittapi_config_apply_per_lib :  ITTAPI function NOT instrumented (not matched by --itt-config option): __itt_model_site_beginAL

1883179 : 0x67df32ae755b2 : 2 : ittapi_config_apply_per_lib :  ITTAPI function NOT instrumented (not matched by --itt-config option): __itt_model_task_beginA

1883179 : 0x67df32ae75f59 : 2 : ittapi_config_apply_per_lib :  ITTAPI function NOT instrumented (not matched by --itt-config option): __itt_model_task_beginAL

1883179 : 0x67df32ae76852 : 2 : ittapi_config_apply_per_lib :  ITTAPI function NOT instrumented (not matched by --itt-config option): __itt_model_iteration_taskA

1883179 : 0x67df32ae77100 : 2 : ittapi_config_apply_per_lib :  ITTAPI function NOT instrumented (not matched by --itt-config option): __itt_model_iteration_taskAL

1883179 : 0x67df32ae779a5 : 2 : ittapi_config_apply_per_lib :  ITTAPI function NOT instrumented (not matched by --itt-config option): __itt_model_site_end_2

1883179 : 0x67df32ae78240 : 2 : ittapi_config_apply_per_lib :  ITTAPI function NOT instrumented (not matched by --itt-config option): __itt_model_task_end_2

1883179 : 0x67df32ae78ae1 : 2 : ittapi_config_apply_per_lib :  ITTAPI function NOT instrumented (not matched by --itt-config option): __itt_model_lock_acquire_2

1883179 : 0x67df32ae7937f : 2 : ittapi_config_apply_per_lib :  ITTAPI function NOT instrumented (not matched by --itt-config option): __itt_model_lock_release_2

1883179 : 0x67df32ae79c20 : 2 : ittapi_config_apply_per_lib :  ITTAPI function NOT instrumented (not matched by --itt-config option): __itt_model_aggregate_task

1883179 : 0x67df32ae7a4c3 : 2 : ittapi_config_apply_per_lib :  ITTAPI function NOT instrumented (not matched by --itt-config option): __itt_model_disable_push

1883179 : 0x67df32ae7d713 : 2 : ittapi_config_apply_per_lib :  ITTAPI function NOT instrumented (not matched by --itt-config option): __itt_model_disable_pop

1883179 : 0x67df32ae7ea61 : 2 : ittapi_config_apply_per_lib :  ITTAPI function instrumented: __itt_heap_function_create
1883179 : 0x67df32ae7fc97 : 2 : ittapi_config_apply_per_lib :  ITTAPI function instrumented: __itt_heap_allocate_begin
1883179 : 0x67df32ae80e54 : 2 : ittapi_config_apply_per_lib :  ITTAPI function instrumented: __itt_heap_allocate_end
1883179 : 0x67df32ae8201e : 2 : ittapi_config_apply_per_lib :  ITTAPI function instrumented: __itt_heap_free_begin
1883179 : 0x67df32ae831b7 : 2 : ittapi_config_apply_per_lib :  ITTAPI function instrumented: __itt_heap_free_end
1883179 : 0x67df32ae84383 : 2 : ittapi_config_apply_per_lib :  ITTAPI function instrumented: __itt_heap_reallocate_begin
1883179 : 0x67df32ae85589 : 2 : ittapi_config_apply_per_lib :  ITTAPI function instrumented: __itt_heap_reallocate_end
1883179 : 0x67df32ae86873 : 2 : ittapi_config_apply_per_lib :  ITTAPI function not implemented: __itt_heap_internal_access_begin
1883179 : 0x67df32ae87b49 : 2 : ittapi_config_apply_per_lib :  ITTAPI function not implemented: __itt_heap_internal_access_end
1883179 : 0x67df32ae8aca4 : 2 : ittapi_config_apply_per_lib :  ITTAPI function not implemented: __itt_heap_record_memory_growth_begin
1883179 : 0x67df32ae8c02d : 2 : ittapi_config_apply_per_lib :  ITTAPI function not implemented: __itt_heap_record_memory_growth_end
1883179 : 0x67df32ae8d253 : 2 : ittapi_config_apply_per_lib :  ITTAPI function not implemented: __itt_heap_reset_detection
1883179 : 0x67df32ae8e5ba : 2 : ittapi_config_apply_per_lib :  ITTAPI function not implemented: __itt_heap_record
1883179 : 0x67df32ae8f830 : 2 : ittapi_config_apply_per_lib :  ITTAPI function not implemented: __itt_id_create
1883179 : 0x67df32ae90adc : 2 : ittapi_config_apply_per_lib :  ITTAPI function not implemented: __itt_id_destroy
1883179 : 0x67df32ae91ce2 : 2 : ittapi_config_apply_per_lib :  ITTAPI function instrumented: __itt_get_timestamp
1883179 : 0x67df32ae92f53 : 2 : ittapi_config_apply_per_lib :  ITTAPI function not implemented: __itt_region_begin
1883179 : 0x67df32ae94166 : 2 : ittapi_config_apply_per_lib :  ITTAPI function not implemented: __itt_region_end
1883179 : 0x67df32ae953e1 : 2 : ittapi_config_apply_per_lib :  ITTAPI function instrumented: __itt_frame_begin_v3
1883179 : 0x67df32ae983e0 : 2 : ittapi_config_apply_per_lib :  ITTAPI function instrumented: __itt_frame_end_v3
1883179 : 0x67df32ae995ff : 2 : ittapi_config_apply_per_lib :  ITTAPI function instrumented: __itt_frame_submit_v3
1883179 : 0x67df32ae9a8c4 : 2 : ittapi_config_apply_per_lib :  ITTAPI function not implemented: __itt_task_group
1883179 : 0x67df32ae9bb6a : 2 : ittapi_config_apply_per_lib :  ITTAPI function instrumented: __itt_task_begin
1883179 : 0x67df32ae9cd18 : 2 : ittapi_config_apply_per_lib :  ITTAPI function instrumented: __itt_task_begin_fn
1883179 : 0x67df32ae9df09 : 2 : ittapi_config_apply_per_lib :  ITTAPI function instrumented: __itt_task_end
1883179 : 0x67df32ae9f18f : 2 : ittapi_config_apply_per_lib :  ITTAPI function not implemented: __itt_counter_inc_v3
1883179 : 0x67df32aea045d : 2 : ittapi_config_apply_per_lib :  ITTAPI function not implemented: __itt_counter_inc_delta_v3
1883179 : 0x67df32aea17eb : 2 : ittapi_config_apply_per_lib :  ITTAPI function not implemented: __itt_counter_dec_v3
1883179 : 0x67df32aea2a15 : 2 : ittapi_config_apply_per_lib :  ITTAPI function not implemented: __itt_counter_dec_delta_v3
1883179 : 0x67df32aea5a81 : 2 : ittapi_config_apply_per_lib :  ITTAPI function not implemented: __itt_marker
1883179 : 0x67df32aea6d60 : 2 : ittapi_config_apply_per_lib :  ITTAPI function instrumented: __itt_metadata_add
1883179 : 0x67df32aea8015 : 2 : ittapi_config_apply_per_lib :  ITTAPI function not implemented: __itt_metadata_str_add
1883179 : 0x67df32aea92b0 : 2 : ittapi_config_apply_per_lib :  ITTAPI function not implemented: __itt_relation_add_to_current
1883179 : 0x67df32aeaa537 : 2 : ittapi_config_apply_per_lib :  ITTAPI function not implemented: __itt_relation_add
1883179 : 0x67df32aeab725 : 2 : ittapi_config_apply_per_lib :  ITTAPI function instrumented: __itt_event_create
1883179 : 0x67df32aeac916 : 2 : ittapi_config_apply_per_lib :  ITTAPI function instrumented: __itt_event_start
1883179 : 0x67df32aeadaab : 2 : ittapi_config_apply_per_lib :  ITTAPI function instrumented: __itt_event_end
1883179 : 0x67df32aeae3cb : 2 : ittapi_config_apply_per_lib :  ITTAPI function NOT instrumented (not matched by --itt-config option): __itt_sync_set_name

1883179 : 0x67df32aeaece8 : 2 : ittapi_config_apply_per_lib :  ITTAPI function NOT instrumented (not matched by --itt-config option): __itt_notify_sync_name

1883179 : 0x67df32aeb1f03 : 2 : ittapi_config_apply_per_lib :  ITTAPI function NOT instrumented (not matched by --itt-config option): __itt_notify_sync_prepare

1883179 : 0x67df32aeb285b : 2 : ittapi_config_apply_per_lib :  ITTAPI function NOT instrumented (not matched by --itt-config option): __itt_notify_sync_cancel

1883179 : 0x67df32aeb3113 : 2 : ittapi_config_apply_per_lib :  ITTAPI function NOT instrumented (not matched by --itt-config option): __itt_notify_sync_acquired

1883179 : 0x67df32aeb39cd : 2 : ittapi_config_apply_per_lib :  ITTAPI function NOT instrumented (not matched by --itt-config option): __itt_notify_sync_releasing

1883179 : 0x67df32aeb4d46 : 2 : ittapi_config_apply_per_lib :  ITTAPI function not implemented: __itt_memory_read
1883179 : 0x67df32aeb5fc4 : 2 : ittapi_config_apply_per_lib :  ITTAPI function not implemented: __itt_memory_write
1883179 : 0x67df32aeb71e2 : 2 : ittapi_config_apply_per_lib :  ITTAPI function not implemented: __itt_memory_update
1883179 : 0x67df32aeb8427 : 2 : ittapi_config_apply_per_lib :  ITTAPI function not implemented: __itt_state_get
1883179 : 0x67df32aeb960a : 2 : ittapi_config_apply_per_lib :  ITTAPI function not implemented: __itt_state_set
1883179 : 0x67df32aeba800 : 2 : ittapi_config_apply_per_lib :  ITTAPI function not implemented: __itt_obj_mode_set
1883179 : 0x67df32aebd818 : 2 : ittapi_config_apply_per_lib :  ITTAPI function not implemented: __itt_thr_mode_set
1883179 : 0x67df32aebea31 : 2 : ittapi_config_apply_per_lib :  ITTAPI function instrumented: __itt_frame_create
1883179 : 0x67df32aebfc27 : 2 : ittapi_config_apply_per_lib :  ITTAPI function instrumented: __itt_pt_region_create
1883179 : 0x67df32aec0e35 : 2 : ittapi_config_apply_per_lib :  ITTAPI function instrumented: __itt_frame_begin
1883179 : 0x67df32aec1fea : 2 : ittapi_config_apply_per_lib :  ITTAPI function instrumented: __itt_frame_end
1883179 : 0x67df32aec327b : 2 : ittapi_config_apply_per_lib :  ITTAPI function not implemented: __itt_counter_destroy
1883179 : 0x67df32aec4467 : 2 : ittapi_config_apply_per_lib :  ITTAPI function instrumented: __itt_counter_inc
1883179 : 0x67df32aec5658 : 2 : ittapi_config_apply_per_lib :  ITTAPI function instrumented: __itt_counter_inc_delta
1883179 : 0x67df32aec67fe : 2 : ittapi_config_apply_per_lib :  ITTAPI function instrumented: __itt_counter_dec
1883179 : 0x67df32aec7986 : 2 : ittapi_config_apply_per_lib :  ITTAPI function instrumented: __itt_counter_dec_delta
1883179 : 0x67df32aeca8f3 : 2 : ittapi_config_apply_per_lib :  ITTAPI function instrumented: __itt_counter_set_value
1883179 : 0x67df32aecbb9a : 2 : ittapi_config_apply_per_lib :  ITTAPI function not implemented: __itt_counter_set_value_ex
1883179 : 0x67df32aeccdd0 : 2 : ittapi_config_apply_per_lib :  ITTAPI function not implemented: __itt_mark_create
1883179 : 0x67df32aece053 : 2 : ittapi_config_apply_per_lib :  ITTAPI function not implemented: __itt_mark
1883179 : 0x67df32aecf281 : 2 : ittapi_config_apply_per_lib :  ITTAPI function not implemented: __itt_mark_off
1883179 : 0x67df32aed0498 : 2 : ittapi_config_apply_per_lib :  ITTAPI function not implemented: __itt_mark_global
1883179 : 0x67df32aed16ae : 2 : ittapi_config_apply_per_lib :  ITTAPI function not implemented: __itt_mark_global_off
1883179 : 0x67df32aed2937 : 2 : ittapi_config_apply_per_lib :  ITTAPI function instrumented: __itt_stack_caller_create
1883179 : 0x67df32aed3b67 : 2 : ittapi_config_apply_per_lib :  ITTAPI function instrumented: __itt_stack_caller_destroy
1883179 : 0x67df32aed4d64 : 2 : ittapi_config_apply_per_lib :  ITTAPI function instrumented: __itt_stack_callee_enter
1883179 : 0x67df32aed8b2f : 2 : ittapi_config_apply_per_lib :  ITTAPI function instrumented: __itt_stack_callee_leave
1883179 : 0x67df32aed9e3f : 2 : ittapi_config_apply_per_lib :  ITTAPI function not implemented: __itt_clock_domain_create
1883179 : 0x67df32aedb0b4 : 2 : ittapi_config_apply_per_lib :  ITTAPI function not implemented: __itt_clock_domain_reset
1883179 : 0x67df32aedc312 : 2 : ittapi_config_apply_per_lib :  ITTAPI function not implemented: __itt_id_create_ex
1883179 : 0x67df32aedd506 : 2 : ittapi_config_apply_per_lib :  ITTAPI function not implemented: __itt_id_destroy_ex
1883179 : 0x67df32aede714 : 2 : ittapi_config_apply_per_lib :  ITTAPI function not implemented: __itt_task_begin_ex
1883179 : 0x67df32aedf8db : 2 : ittapi_config_apply_per_lib :  ITTAPI function not implemented: __itt_task_begin_fn_ex
1883179 : 0x67df32aee0abe : 2 : ittapi_config_apply_per_lib :  ITTAPI function not implemented: __itt_task_end_ex
1883179 : 0x67df32aee1cc1 : 2 : ittapi_config_apply_per_lib :  ITTAPI function instrumented: __itt_task_begin_overlapped
1883179 : 0x67df32aee2fd5 : 2 : ittapi_config_apply_per_lib :  ITTAPI function not implemented: __itt_task_begin_overlapped_ex
1883179 : 0x67df32aee616f : 2 : ittapi_config_apply_per_lib :  ITTAPI function instrumented: __itt_task_end_overlapped
1883179 : 0x67df32aee748e : 2 : ittapi_config_apply_per_lib :  ITTAPI function not implemented: __itt_task_end_overlapped_ex
1883179 : 0x67df32aee867a : 2 : ittapi_config_apply_per_lib :  ITTAPI function not implemented: __itt_marker_ex
1883179 : 0x67df32aee9a99 : 2 : ittapi_config_apply_per_lib :  ITTAPI function not implemented: __itt_metadata_add_with_scope
1883179 : 0x67df32aeead40 : 2 : ittapi_config_apply_per_lib :  ITTAPI function not implemented: __itt_metadata_str_add_with_scope
1883179 : 0x67df32aeebf88 : 2 : ittapi_config_apply_per_lib :  ITTAPI function not implemented: __itt_relation_add_to_current_ex
1883179 : 0x67df32aeed194 : 2 : ittapi_config_apply_per_lib :  ITTAPI function not implemented: __itt_relation_add_ex
1883179 : 0x67df32aeee3d3 : 2 : ittapi_config_apply_per_lib :  ITTAPI function not implemented: __itt_track_group_create
1883179 : 0x67df32aeef597 : 2 : ittapi_config_apply_per_lib :  ITTAPI function not implemented: __itt_track_create
1883179 : 0x67df32aef0771 : 2 : ittapi_config_apply_per_lib :  ITTAPI function not implemented: __itt_set_track
1883179 : 0x67df32aef38b4 : 2 : ittapi_config_apply_per_lib :  ITTAPI function instrumented: __itt_api_version
1883179 : 0x67df32aef4b52 : 2 : ittapi_config_apply_per_lib :  ITTAPI function not implemented: __itt_av_save
1883179 : 0x67df32aef5d1f : 2 : ittapi_config_apply_per_lib :  ITTAPI function instrumented: __itt_module_load
1883179 : 0x67df32aef6f92 : 2 : ittapi_config_apply_per_lib :  ITTAPI function not implemented: __itt_module_unload
1883179 : 0x67df32aef7894 : 2 : ittapi_config_apply_per_lib :  ITTAPI function NOT instrumented (not matched by --itt-config option): __itt_histogram_submit

1883179 : 0x67df32aef8aec : 2 : ittapi_config_apply_per_lib :  ITTAPI function instrumented: __itt_counter_set_value_v3