1 [125906085419968] INFO perfrun.launcher <> - Launcher main begin
1 [125906085419968] INFO perfrun.launcher <> - MessageCatalogInit finished
2 [125906085419968] INFO perfrun.launcher <> - Launcher instance created
2 [125906085419968] INFO perfrun.launcher <> - argc = 7; cmdline = /opt/intel/oneapi/vtune/2024.1/bin64/amplxe-runss --ui-output-format xml --ui-output-fd 5 --option-file /home/waleed/vtune_results/hpx_pr_8_threads_priority/copy_if_hpx_threading/config/runss.options 
74 [125906085419968] INFO perfrun.launcher <> - create msngr2::ICliToolContext
75 [125906085419968] INFO perfrun.launcher <> - create file finder object
75 [125906085419968] INFO perfrun.launcher <> - create a result directory: pattern = /home/waleed/vtune_results/hpx_pr_8_threads_priority/copy_if_hpx_threading pid = 4294967295
79 [125906085419968] INFO perfrun.sdk <> - checked that the directory /home/waleed/vtune_results/hpx_pr_8_threads_priority/copy_if_hpx_threading is a local directory
79 [125906085419968] INFO perfrun.sdk <> - the directory /home/waleed/vtune_results/hpx_pr_8_threads_priority/copy_if_hpx_threading is a local directory with FS type ID 61267
80 [125906085419968] INFO perfrun.launcher <> - create data directory = /home/waleed/vtune_results/hpx_pr_8_threads_priority/copy_if_hpx_threading/data.0
80 [125906085419968] INFO perfrun.launcher <> - Creating the master collection flag
88 [125906085419968] INFO perfrun.launcher <> - Done creating the master collection flag
102 [125905928185536] INFO perfrun.launcher <> - plugin [remoteplug] was disabled because it doesn't support the given collection type.
103 [125905928185536] INFO perfrun.sdk <> - Allocating TMU :/home/waleed/vtune_results/hpx_pr_8_threads_priority/copy_if_hpx_threading/data.0/systemcollector-1883015-waleed-Precision-7920-Tower.sc
103 [125905928185536] INFO perfrun.system <> - Tpss based collection
103 [125905928185536] INFO perfrun.launcher <> - plugin [ptracecollector] was disabled because it doesn't support the given collection type.
103 [125905928185536] INFO perfrun.launcher <> - plugin [gpu] was disabled because it doesn't support the given collection type.
103 [125905928185536] INFO perfrun.launcher <> - plugin [] was disabled because it doesn't support the given collection type.
103 [125905928185536] INFO perfrun.launcher <> - plugin [] was disabled because it doesn't support the given collection type.
103 [125905928185536] INFO perfrun.launcher <> - plugin [] was disabled because it doesn't support the given collection type.
103 [125905928185536] INFO perfrun.mrte <> - system-wide mode is 0
103 [125905928185536] INFO perfrun.mrte <> - Getting  mrte profiling environment ...
115 [125905928185536] INFO perfrun.mrte <> - INTEL_MRTE_DATA_DIR=/home/waleed/vtune_results/hpx_pr_8_threads_priority/copy_if_hpx_threading/data.0
115 [125905928185536] INFO perfrun.mrte <> - INTEL_MRTE_HOST_NAME=waleed-Precision-7920-Tower
115 [125905928185536] INFO perfrun.mrte <> - JAVA_TOOL_OPTIONS=-agentlib:amplxe_tpssmrte_javaprof_1.0 -Dsun.boot.library.path=/opt/intel/oneapi/vtune/2024.1/lib32/runtime:/opt/intel/oneapi/vtune/2024.1/lib64/runtime
115 [125905928185536] INFO perfrun.mrte <> - LD_LIBRARY_PATH=/opt/intel/oneapi/vtune/2024.1/lib32/runtime:/opt/intel/oneapi/vtune/2024.1/lib64/runtime
115 [125905928185536] INFO perfrun.mrte <> - CORECLR_ENABLE_PROFILING=1
115 [125905928185536] INFO perfrun.mrte <> - CORECLR_PROFILER={AA5E4821-E3B1-479c-B7FF-5AD047D22CED}
115 [125905928185536] INFO perfrun.mrte <> - CORECLR_PROFILER_PATH=/opt/intel/oneapi/vtune/2024.1/lib64/libamplxe_samplingmrte_clrprof_1.0.so
115 [125905928185536] INFO perfrun.mrte <> - INTEL_MRTE_PROFILER_MODE=mixed
115 [125905928185536] INFO perfrun.mrte <> - Data directory: /home/waleed/vtune_results/hpx_pr_8_threads_priority/copy_if_hpx_threading/data.0
115 [125905928185536] INFO perfrun.mrte <> - Mrte plugin is initialized
115 [125905928185536] INFO perfrun.launcher <> - plugin [emon] was disabled because it doesn't support the given collection type.
115 [125905928185536] INFO perfrun.launcher <> - plugin [cuscol] was disabled because it doesn't support the given collection type.
115 [125905928185536] INFO perfrun.launcher <> - plugin [stdsrc] was disabled because it doesn't support the given collection type.
115 [125905928185536] INFO perfrun.launcher <> - plugin [sep] was disabled because it doesn't support the given collection type.
115 [125905928185536] INFO perfrun.launcher <> - plugin [vtsspp] was disabled because it doesn't support the given collection type.
115 [125905928185536] INFO perfrun.launcher <> - plugin [perf] was disabled because it doesn't support the given collection type.
115 [125905928185536] INFO perfrun.launcher <> - plugin [aoclprofile] was disabled because it doesn't support the given collection type.
115 [125905928185536] INFO perfrun.tpss <> - initialize tpss controller
115 [125905928185536] INFO perfrun.tpss <> - configure collection mode: value = cpu:counters:nostack
115 [125905928185536] INFO perfrun.tpss <> - configure collection mode: value = cpu:stack
115 [125905928185536] INFO perfrun.tpss <> - configure collection mode: value = threading:stack
115 [125905928185536] INFO perfrun.tpss <> - configure collection mode: value = waiting:stack
115 [125905928185536] INFO perfrun.tpss <> - configure collection mode: value = io:stack
116 [125905928185536] INFO perfrun.tpss <> - default obj-size-min=1024
116 [125905928185536] INFO perfrun.tpss <> - default hash-table-size=0
116 [125905928185536] INFO perfrun.launcher <> - plugin [media] was disabled because it doesn't support the given collection type.
116 [125905928185536] INFO perfrun.launcher <> - plugin [] was disabled because it doesn't support the given collection type.
116 [125905928185536] INFO perfrun.launcher <> - plugin [] was disabled because it doesn't support the given collection type.
116 [125905928185536] INFO perfrun.launcher <> - plugin [parallelfs] was disabled because it doesn't support the given collection type.
116 [125905928185536] INFO perfrun.launcher <> - plugin [power] was disabled because it doesn't support the given collection type.
116 [125905928185536] INFO perfrun.launcher <> - plugin [] was disabled because it doesn't support the given collection type.
116 [125905928185536] INFO perfrun.launcher <> - plugin [ipmwatch] was disabled because it doesn't support the given collection type.
116 [125905928185536] INFO perfrun.launcher <> - plugin [os_counters] was disabled because it doesn't support the given collection type.
116 [125905928185536] INFO perfrun.launcher <> - plugin [l0_metrics] was disabled because it doesn't support the given collection type.
116 [125906085419968] INFO perfrun.launcher <> - set environment variable: LD_LIBRARY_PATH = /opt/intel/oneapi/vtune/2024.1/lib32/runtime:/opt/intel/oneapi/vtune/2024.1/lib64/runtime
116 [125906085419968] INFO perfrun.launcher <> - set environment variable: INTEL_LIBITTNOTIFY32 = /opt/intel/oneapi/vtune/2024.1/lib32/runtime/libittnotify_collector.so
116 [125906085419968] INFO perfrun.launcher <> - set environment variable: INTEL_LIBITTNOTIFY64 = /opt/intel/oneapi/vtune/2024.1/lib64/runtime/libittnotify_collector.so
116 [125906085419968] INFO perfrun.launcher <> - set environment variable: INTEL_ITTNOTIFY_GROUPS = 
116 [125906085419968] INFO perfrun.launcher <> - set environment variable: INTEL_JIT_PROFILER32 = /opt/intel/oneapi/vtune/2024.1/lib32/runtime/libittnotify_collector.so
116 [125906085419968] INFO perfrun.launcher <> - set environment variable: INTEL_JIT_PROFILER64 = /opt/intel/oneapi/vtune/2024.1/lib64/runtime/libittnotify_collector.so
116 [125906085419968] INFO perfrun.launcher <> - set environment variable: OMP_TOOL_LIBRARIES = /opt/intel/oneapi/vtune/2024.1/lib32/runtime/libittnotify_collector.so:/opt/intel/oneapi/vtune/2024.1/lib64/runtime/libittnotify_collector.so
116 [125906085419968] INFO perfrun.launcher <> - set environment variable: ENABLE_JITPROFILING = 1
116 [125906085419968] INFO perfrun.launcher <> - set environment variable: CL_CONFIG_USE_VTUNE = True
116 [125906085419968] INFO perfrun.launcher <> - set environment variable: INTEL_MRTE_DATA_DIR = /home/waleed/vtune_results/hpx_pr_8_threads_priority/copy_if_hpx_threading/data.0
116 [125906085419968] INFO perfrun.launcher <> - set environment variable: INTEL_MRTE_HOST_NAME = waleed-Precision-7920-Tower
116 [125906085419968] INFO perfrun.launcher <> - set environment variable: JAVA_TOOL_OPTIONS = -agentlib:amplxe_tpssmrte_javaprof_1.0 -Dsun.boot.library.path=/opt/intel/oneapi/vtune/2024.1/lib32/runtime:/opt/intel/oneapi/vtune/2024.1/lib64/runtime
117 [125906085419968] INFO perfrun.launcher <> - set environment variable: LD_LIBRARY_PATH = /opt/intel/oneapi/vtune/2024.1/lib32/runtime:/opt/intel/oneapi/vtune/2024.1/lib64/runtime
117 [125906085419968] INFO perfrun.launcher <> - set environment variable: CORECLR_ENABLE_PROFILING = 1
117 [125906085419968] INFO perfrun.launcher <> - set environment variable: CORECLR_PROFILER = {AA5E4821-E3B1-479c-B7FF-5AD047D22CED}
117 [125906085419968] INFO perfrun.launcher <> - set environment variable: CORECLR_PROFILER_PATH = /opt/intel/oneapi/vtune/2024.1/lib64/libamplxe_samplingmrte_clrprof_1.0.so
117 [125906085419968] INFO perfrun.launcher <> - set environment variable: INTEL_MRTE_PROFILER_MODE = mixed
117 [125906085419968] INFO perfrun.launcher <> - RpcServer: run RPC server to handle requests
117 [125906085419968] INFO perfrun.launcher <> - Launcher: command line to start before modification = ./build/copy_if_hpx_clean --hpx:ini=hpx.use_itt_notify!=1 --hpx:threads=8
117 [125906085419968] INFO perfrun.launcher <> - Launcher: command line to start after modification = /opt/intel/oneapi/vtune/2024.1/bin64/pin -error_file /home/waleed/vtune_results/hpx_pr_8_threads_priority/copy_if_hpx_threading/data.0/pinerr.tpsslog -detach_reattach -follow_execv -tool_load_option deepbind -t64 /opt/intel/oneapi/vtune/2024.1/lib64/libtpsstool.so -t /opt/intel/oneapi/vtune/2024.1/lib32/libtpsstool.so -server_name tpss_ipc.1883015 -prd_dir /opt/intel/oneapi/vtune/2024.1 -- ./build/copy_if_hpx_clean --hpx:ini=hpx.use_itt_notify!=1 --hpx:threads=8
118 [125906085419968] INFO perfrun.launcher <> - ProcessCreator object was created
119 [125906085419968] INFO perfrun.launcher <> - Launcher: the process was started in suspend mode
125 [125905928185536] WARN perfrun.system <> - Could not do anything with /sys/kernel/debug/kvm: boost::filesystem::status: Permission denied [system:13]: "/sys/kernel/debug/kvm", at file: vcs/perfrun1/plugins/system/src/trace_writer.cpp:787
125 [125905928185536] WARN perfrun.system <> - Folder "/var/run/libvirt/qemu/"doesn't exist, at file: vcs/perfrun1/plugins/system/src/trace_writer.cpp:800
131 [125905928185536] INFO perfrun.sdk <> - runCmd: /opt/intel/oneapi/vtune/2024.1/bin64/sep -platform-info
132 [125905928185536] INFO perfrun.sdk <> - runCmd started PID 1883026
309 [125905928185536] INFO perfrun.sdk <> - sep platform info successfully parsed
309 [125905928185536] INFO perfrun.sdk <> - Mapped device: I210 Gigabit Network Connection 0000:02:00.0
310 [125905928185536] INFO perfrun.sdk <> - Mapped device: GP107GL [Quadro P400] 0000:73:00.0
310 [125905928185536] INFO perfrun.sdk <> - Mapped device: GP107GL High Definition Audio Controller 0000:73:00.1
319 [125905928185536] WARN perfrun.sdk <> - Failed to find xl binary on any of the system paths: /bin, /sbin, /usr/bin, /usr/sbin., at file: vcs/perfrun1/sdk/src/utils.cpp:204
319 [125905928185536] WARN perfrun.system <> - Only 2 usec accuracy achieved for reference point, at file: vcs/perfrun1/plugins/system/src/trace_writer.cpp:320
320 [125905928185536] WARN perfrun.system <> - Could not start ContainerMapping collector, at file: vcs/perfrun1/plugins/system/src/controller.cpp:448
331 [125905928185536] INFO perfrun.vdso <> - Helper runtool '/opt/intel/oneapi/vtune/2024.1/bin32/amplxe-runss -dump-vdso -r /home/waleed/vtune_results/hpx_pr_8_threads_priority/copy_if_hpx_threading --tmp-dir /tmp/amplxe-tmp-waleed' returned 1
450 [125905928185536] INFO perfrun.vdso <> - Helper runtool '/opt/intel/oneapi/vtune/2024.1/bin64/amplxe-runss -dump-vdso -r /home/waleed/vtune_results/hpx_pr_8_threads_priority/copy_if_hpx_threading --tmp-dir /tmp/amplxe-tmp-waleed' returned 0
450 [125905928185536] INFO perfrun.itt <> - start itt controller for pid #1883025
451 [125905928185536] INFO perfrun.tpss <> - start tpss controller for pid #1883025
501 [125906085419968] INFO perfrun.launcher <> - Launcher: all plugins were started
502 [125906085419968] INFO perfrun.launcher <> - DirectoryMonitor object was created
502 [125906085419968] INFO perfrun.launcher <> - DirectoryMonitor: a callback was added
502 [125906085419968] INFO perfrun.launcher <> - DirectoryMonitor was started with pingTime = 1000
502 [125906085419968] INFO perfrun.launcher <> - DeadlineTimer is going to be constructed
502 [125906085419968] INFO perfrun.launcher <> - DeadlineTimer: a callback was added
513 [125906085419968] INFO perfrun.launcher <> - Launcher: resume the profiled application and  wait its termination or stop command
3044 [125906085419968] INFO perfrun.launcher <> - Launcher: the profiled application was terminated  with exit code = 0
3046 [125905928185536] WARN perfrun.system <> - Only 2 usec accuracy achieved for reference point, at file: vcs/perfrun1/plugins/system/src/trace_writer.cpp:320
3066 [125905928185536] INFO perfrun.itt <> - detach itt controller
3066 [125905928185536] INFO perfrun.itt <> - detach itt controller done
3066 [125905928185536] INFO perfrun.tpss <> - stop tpss controller
3067 [125905928185536] INFO perfrun.sdk <> - De-allocating TMU: /home/waleed/vtune_results/hpx_pr_8_threads_priority/copy_if_hpx_threading/data.0/systemcollector-1883015-waleed-Precision-7920-Tower.sc
3067 [125905928185536] INFO perfrun.system <> - closed the system trace file: /home/waleed/vtune_results/hpx_pr_8_threads_priority/copy_if_hpx_threading/data.0/systemcollector-1883015-waleed-Precision-7920-Tower.sc
3067 [125906085419968] INFO perfrun.launcher <> - Launcher: all plugins were stopped.
3067 [125906085419968] INFO perfrun.launcher <> - DeadlineTimer is going to be destroyed
3067 [125906085419968] INFO perfrun.launcher <> - DeadlineTimer was destroyed
3067 [125906085419968] INFO perfrun.launcher <> - DirectoryMonitor object was destroyed
3067 [125906085419968] WARN perfrun.launcher <> - Stop command is ignored because it is received when collection is already stopped, at file: vcs/perfrun1/launcher/src/command_handler.cpp:226
3069 [125906085419968] INFO perfrun.launcher <> - Application exit code: 0
3069 [125906085419968] INFO perfrun.launcher <> - Exit code: 0
