
3807044 : 0xb186ed17e8030 : 1 : spill_jit_data :  Jit agent is not initialized
3807003 : 0xb186ed17f8d1f : 2 : ittapi_config_mask_get :  --itt-config mask to be applied: 55
3807003 : 0xb186ed17fbc48 : 2 : ittapi_config_apply_per_lib :  ITTAPI function instrumented: __itt_domain_create
3807003 : 0xb186ed17fd31a : 2 : ittapi_config_apply_per_lib :  ITTAPI function instrumented: __itt_module_load_with_sections
3807003 : 0xb186ed17fece8 : 2 : ittapi_config_apply_per_lib :  ITTAPI function not implemented: __itt_module_unload_with_sections
3807003 : 0xb186ed18000bd : 2 : ittapi_config_apply_per_lib :  ITTAPI function instrumented: __itt_string_handle_create
3807003 : 0xb186ed18012b1 : 2 : ittapi_config_apply_per_lib :  ITTAPI function instrumented: __itt_counter_create
3807003 : 0xb186ed18023ec : 2 : ittapi_config_apply_per_lib :  ITTAPI function instrumented: __itt_counter_create_typed
3807003 : 0xb186ed180358e : 2 : ittapi_config_apply_per_lib :  ITTAPI function instrumented: __itt_pause
3807003 : 0xb186ed1804783 : 2 : ittapi_config_apply_per_lib :  ITTAPI function instrumented: __itt_resume
3807003 : 0xb186ed180dc15 : 2 : ittapi_config_apply_per_lib :  ITTAPI function not implemented: __itt_pause_scoped
3807003 : 0xb186ed180f02a : 2 : ittapi_config_apply_per_lib :  ITTAPI function not implemented: __itt_resume_scoped
3807003 : 0xb186ed18101ff : 2 : ittapi_config_apply_per_lib :  ITTAPI function instrumented: __itt_thread_set_name
3807003 : 0xb186ed18113ee : 2 : ittapi_config_apply_per_lib :  ITTAPI function instrumented: __itt_thread_ignore
3807003 : 0xb186ed1812534 : 2 : ittapi_config_apply_per_lib :  ITTAPI function instrumented: __itt_thr_name_set
3807003 : 0xb186ed18136a0 : 2 : ittapi_config_apply_per_lib :  ITTAPI function instrumented: __itt_thr_ignore
3807003 : 0xb186ed1814858 : 2 : ittapi_config_apply_per_lib :  ITTAPI function instrumented: __itt_histogram_create
3807003 : 0xb186ed181598b : 2 : ittapi_config_apply_per_lib :  ITTAPI function instrumented: __itt_counter_create_v3
3807003 : 0xb186ed1816b13 : 2 : ittapi_config_apply_per_lib :  ITTAPI function instrumented: __itt_bind_context_metadata_to_counter
3807003 : 0xb186ed1817daf : 2 : ittapi_config_apply_per_lib :  ITTAPI function not implemented: __itt_enable_attach
3807003 : 0xb186ed181b13e : 2 : ittapi_config_apply_per_lib :  ITTAPI function instrumented: __itt_detach
3807003 : 0xb186ed181baa2 : 2 : ittapi_config_apply_per_lib :  ITTAPI function NOT instrumented (not matched by --itt-config option): __itt_sync_create

3807003 : 0xb186ed181c3b7 : 2 : ittapi_config_apply_per_lib :  ITTAPI function NOT instrumented (not matched by --itt-config option): __itt_sync_rename

3807003 : 0xb186ed181cca1 : 2 : ittapi_config_apply_per_lib :  ITTAPI function NOT instrumented (not matched by --itt-config option): __itt_sync_destroy

3807003 : 0xb186ed181d532 : 2 : ittapi_config_apply_per_lib :  ITTAPI function NOT instrumented (not matched by --itt-config option): __itt_sync_prepare

3807003 : 0xb186ed181dda3 : 2 : ittapi_config_apply_per_lib :  ITTAPI function NOT instrumented (not matched by --itt-config option): __itt_sync_cancel

3807003 : 0xb186ed181e652 : 2 : ittapi_config_apply_per_lib :  ITTAPI function NOT instrumented (not matched by --itt-config option): __itt_sync_acquired

3807003 : 0xb186ed181eec6 : 2 : ittapi_config_apply_per_lib :  ITTAPI function NOT instrumented (not matched by --itt-config option): __itt_sync_releasing

3807003 : 0xb186ed18202ef : 2 : ittapi_config_apply_per_lib :  ITTAPI function not implemented: __itt_suppress_push
3807003 : 0xb186ed1821669 : 2 : ittapi_config_apply_per_lib :  ITTAPI function not implemented: __itt_suppress_pop
3807003 : 0xb186ed18246d5 : 2 : ittapi_config_apply_per_lib :  ITTAPI function not implemented: __itt_suppress_mark_range
3807003 : 0xb186ed1825877 : 2 : ittapi_config_apply_per_lib :  ITTAPI function not implemented: __itt_suppress_clear_range
3807003 : 0xb186ed182611a : 2 : ittapi_config_apply_per_lib :  ITTAPI function NOT instrumented (not matched by --itt-config option): __itt_sync_prepare

3807003 : 0xb186ed1826993 : 2 : ittapi_config_apply_per_lib :  ITTAPI function NOT instrumented (not matched by --itt-config option): __itt_sync_cancel

3807003 : 0xb186ed1827216 : 2 : ittapi_config_apply_per_lib :  ITTAPI function NOT instrumented (not matched by --itt-config option): __itt_sync_acquired

3807003 : 0xb186ed1827a8b : 2 : ittapi_config_apply_per_lib :  ITTAPI function NOT instrumented (not matched by --itt-config option): __itt_sync_releasing

3807003 : 0xb186ed182833d : 2 : ittapi_config_apply_per_lib :  ITTAPI function NOT instrumented (not matched by --itt-config option): __itt_model_site_begin

3807003 : 0xb186ed1828bbc : 2 : ittapi_config_apply_per_lib :  ITTAPI function NOT instrumented (not matched by --itt-config option): __itt_model_site_end

3807003 : 0xb186ed1829430 : 2 : ittapi_config_apply_per_lib :  ITTAPI function NOT instrumented (not matched by --itt-config option): __itt_model_task_begin

3807003 : 0xb186ed1829c99 : 2 : ittapi_config_apply_per_lib :  ITTAPI function NOT instrumented (not matched by --itt-config option): __itt_model_task_end

3807003 : 0xb186ed182d931 : 2 : ittapi_config_apply_per_lib :  ITTAPI function NOT instrumented (not matched by --itt-config option): __itt_model_lock_acquire

3807003 : 0xb186ed182e23a : 2 : ittapi_config_apply_per_lib :  ITTAPI function NOT instrumented (not matched by --itt-config option): __itt_model_lock_release

3807003 : 0xb186ed182eab8 : 2 : ittapi_config_apply_per_lib :  ITTAPI function NOT instrumented (not matched by --itt-config option): __itt_model_record_allocation

3807003 : 0xb186ed182f393 : 2 : ittapi_config_apply_per_lib :  ITTAPI function NOT instrumented (not matched by --itt-config option): __itt_model_record_deallocation

3807003 : 0xb186ed182fcc0 : 2 : ittapi_config_apply_per_lib :  ITTAPI function NOT instrumented (not matched by --itt-config option): __itt_model_induction_uses

3807003 : 0xb186ed183053b : 2 : ittapi_config_apply_per_lib :  ITTAPI function NOT instrumented (not matched by --itt-config option): __itt_model_reduction_uses

3807003 : 0xb186ed1830dc0 : 2 : ittapi_config_apply_per_lib :  ITTAPI function NOT instrumented (not matched by --itt-config option): __itt_model_observe_uses

3807003 : 0xb186ed1831634 : 2 : ittapi_config_apply_per_lib :  ITTAPI function NOT instrumented (not matched by --itt-config option): __itt_model_clear_uses

3807003 : 0xb186ed1831eb4 : 2 : ittapi_config_apply_per_lib :  ITTAPI function NOT instrumented (not matched by --itt-config option): __itt_model_site_beginA

3807003 : 0xb186ed18327be : 2 : ittapi_config_apply_per_lib :  ITTAPI function NOT instrumented (not matched by --itt-config option): __itt_model_site_beginAL

3807003 : 0xb186ed1834d57 : 2 : ittapi_config_apply_per_lib :  ITTAPI function NOT instrumented (not matched by --itt-config option): __itt_model_task_beginA

3807003 : 0xb186ed1835610 : 2 : ittapi_config_apply_per_lib :  ITTAPI function NOT instrumented (not matched by --itt-config option): __itt_model_task_beginAL

3807003 : 0xb186ed1835e8b : 2 : ittapi_config_apply_per_lib :  ITTAPI function NOT instrumented (not matched by --itt-config option): __itt_model_iteration_taskA

3807003 : 0xb186ed183897c : 2 : ittapi_config_apply_per_lib :  ITTAPI function NOT instrumented (not matched by --itt-config option): __itt_model_iteration_taskAL

3807003 : 0xb186ed18392e9 : 2 : ittapi_config_apply_per_lib :  ITTAPI function NOT instrumented (not matched by --itt-config option): __itt_model_site_end_2

3807003 : 0xb186ed1839b5c : 2 : ittapi_config_apply_per_lib :  ITTAPI function NOT instrumented (not matched by --itt-config option): __itt_model_task_end_2

3807003 : 0xb186ed183a3cd : 2 : ittapi_config_apply_per_lib :  ITTAPI function NOT instrumented (not matched by --itt-config option): __itt_model_lock_acquire_2

3807003 : 0xb186ed183ac3b : 2 : ittapi_config_apply_per_lib :  ITTAPI function NOT instrumented (not matched by --itt-config option): __itt_model_lock_release_2

3807003 : 0xb186ed183d7c2 : 2 : ittapi_config_apply_per_lib :  ITTAPI function NOT instrumented (not matched by --itt-config option): __itt_model_aggregate_task

3807003 : 0xb186ed183e08a : 2 : ittapi_config_apply_per_lib :  ITTAPI function NOT instrumented (not matched by --itt-config option): __itt_model_disable_push

3807003 : 0xb186ed184174a : 2 : ittapi_config_apply_per_lib :  ITTAPI function NOT instrumented (not matched by --itt-config option): __itt_model_disable_pop

3807003 : 0xb186ed1842a43 : 2 : ittapi_config_apply_per_lib :  ITTAPI function instrumented: __itt_heap_function_create
3807003 : 0xb186ed1843be1 : 2 : ittapi_config_apply_per_lib :  ITTAPI function instrumented: __itt_heap_allocate_begin
3807003 : 0xb186ed1844d41 : 2 : ittapi_config_apply_per_lib :  ITTAPI function instrumented: __itt_heap_allocate_end
3807003 : 0xb186ed1845e34 : 2 : ittapi_config_apply_per_lib :  ITTAPI function instrumented: __itt_heap_free_begin
3807003 : 0xb186ed1846f50 : 2 : ittapi_config_apply_per_lib :  ITTAPI function instrumented: __itt_heap_free_end
3807003 : 0xb186ed18488cb : 2 : ittapi_config_apply_per_lib :  ITTAPI function instrumented: __itt_heap_reallocate_begin
3807003 : 0xb186ed18499b3 : 2 : ittapi_config_apply_per_lib :  ITTAPI function instrumented: __itt_heap_reallocate_end
3807003 : 0xb186ed184ac89 : 2 : ittapi_config_apply_per_lib :  ITTAPI function not implemented: __itt_heap_internal_access_begin
3807003 : 0xb186ed184bed8 : 2 : ittapi_config_apply_per_lib :  ITTAPI function not implemented: __itt_heap_internal_access_end
3807003 : 0xb186ed18505a0 : 2 : ittapi_config_apply_per_lib :  ITTAPI function not implemented: __itt_heap_record_memory_growth_begin
3807003 : 0xb186ed18519bc : 2 : ittapi_config_apply_per_lib :  ITTAPI function not implemented: __itt_heap_record_memory_growth_end
3807003 : 0xb186ed1852bca : 2 : ittapi_config_apply_per_lib :  ITTAPI function not implemented: __itt_heap_reset_detection
3807003 : 0xb186ed1853f19 : 2 : ittapi_config_apply_per_lib :  ITTAPI function not implemented: __itt_heap_record
3807003 : 0xb186ed185516d : 2 : ittapi_config_apply_per_lib :  ITTAPI function not implemented: __itt_id_create
3807003 : 0xb186ed18563c1 : 2 : ittapi_config_apply_per_lib :  ITTAPI function not implemented: __itt_id_destroy
3807003 : 0xb186ed18575ac : 2 : ittapi_config_apply_per_lib :  ITTAPI function instrumented: __itt_get_timestamp
3807003 : 0xb186ed1858772 : 2 : ittapi_config_apply_per_lib :  ITTAPI function not implemented: __itt_region_begin
3807003 : 0xb186ed1859948 : 2 : ittapi_config_apply_per_lib :  ITTAPI function not implemented: __itt_region_end
3807003 : 0xb186ed185aaf5 : 2 : ittapi_config_apply_per_lib :  ITTAPI function instrumented: __itt_frame_begin_v3
3807003 : 0xb186ed185d9b7 : 2 : ittapi_config_apply_per_lib :  ITTAPI function instrumented: __itt_frame_end_v3
3807003 : 0xb186ed185eaf9 : 2 : ittapi_config_apply_per_lib :  ITTAPI function instrumented: __itt_frame_submit_v3
3807003 : 0xb186ed185fd04 : 2 : ittapi_config_apply_per_lib :  ITTAPI function not implemented: __itt_task_group
3807003 : 0xb186ed1860e88 : 2 : ittapi_config_apply_per_lib :  ITTAPI function instrumented: __itt_task_begin
3807003 : 0xb186ed1861fcd : 2 : ittapi_config_apply_per_lib :  ITTAPI function instrumented: __itt_task_begin_fn
3807003 : 0xb186ed18630d8 : 2 : ittapi_config_apply_per_lib :  ITTAPI function instrumented: __itt_task_end
3807003 : 0xb186ed18642a2 : 2 : ittapi_config_apply_per_lib :  ITTAPI function not implemented: __itt_counter_inc_v3
3807003 : 0xb186ed18654dc : 2 : ittapi_config_apply_per_lib :  ITTAPI function not implemented: __itt_counter_inc_delta_v3
3807003 : 0xb186ed1866859 : 2 : ittapi_config_apply_per_lib :  ITTAPI function not implemented: __itt_counter_dec_v3
3807003 : 0xb186ed18679df : 2 : ittapi_config_apply_per_lib :  ITTAPI function not implemented: __itt_counter_dec_delta_v3
3807003 : 0xb186ed186a8f5 : 2 : ittapi_config_apply_per_lib :  ITTAPI function not implemented: __itt_marker
3807003 : 0xb186ed186baa5 : 2 : ittapi_config_apply_per_lib :  ITTAPI function instrumented: __itt_metadata_add
3807003 : 0xb186ed186cca7 : 2 : ittapi_config_apply_per_lib :  ITTAPI function not implemented: __itt_metadata_str_add
3807003 : 0xb186ed186de74 : 2 : ittapi_config_apply_per_lib :  ITTAPI function not implemented: __itt_relation_add_to_current
3807003 : 0xb186ed186f029 : 2 : ittapi_config_apply_per_lib :  ITTAPI function not implemented: __itt_relation_add
3807003 : 0xb186ed1870193 : 2 : ittapi_config_apply_per_lib :  ITTAPI function instrumented: __itt_event_create
3807003 : 0xb186ed18712b8 : 2 : ittapi_config_apply_per_lib :  ITTAPI function instrumented: __itt_event_start
3807003 : 0xb186ed1872394 : 2 : ittapi_config_apply_per_lib :  ITTAPI function instrumented: __itt_event_end
3807003 : 0xb186ed1872c37 : 2 : ittapi_config_apply_per_lib :  ITTAPI function NOT instrumented (not matched by --itt-config option): __itt_sync_set_name

3807003 : 0xb186ed18734dd : 2 : ittapi_config_apply_per_lib :  ITTAPI function NOT instrumented (not matched by --itt-config option): __itt_notify_sync_name

3807003 : 0xb186ed1876658 : 2 : ittapi_config_apply_per_lib :  ITTAPI function NOT instrumented (not matched by --itt-config option): __itt_notify_sync_prepare

3807003 : 0xb186ed1876f68 : 2 : ittapi_config_apply_per_lib :  ITTAPI function NOT instrumented (not matched by --itt-config option): __itt_notify_sync_cancel

3807003 : 0xb186ed18777f3 : 2 : ittapi_config_apply_per_lib :  ITTAPI function NOT instrumented (not matched by --itt-config option): __itt_notify_sync_acquired

3807003 : 0xb186ed187806c : 2 : ittapi_config_apply_per_lib :  ITTAPI function NOT instrumented (not matched by --itt-config option): __itt_notify_sync_releasing

3807003 : 0xb186ed1879396 : 2 : ittapi_config_apply_per_lib :  ITTAPI function not implemented: __itt_memory_read
3807003 : 0xb186ed187a545 : 2 : ittapi_config_apply_per_lib :  ITTAPI function not implemented: __itt_memory_write
3807003 : 0xb186ed187b6f0 : 2 : ittapi_config_apply_per_lib :  ITTAPI function not implemented: __itt_memory_update
3807003 : 0xb186ed187c87a : 2 : ittapi_config_apply_per_lib :  ITTAPI function not implemented: __itt_state_get
3807003 : 0xb186ed187da0a : 2 : ittapi_config_apply_per_lib :  ITTAPI function not implemented: __itt_state_set
3807003 : 0xb186ed187eb9f : 2 : ittapi_config_apply_per_lib :  ITTAPI function not implemented: __itt_obj_mode_set
3807003 : 0xb186ed1881acd : 2 : ittapi_config_apply_per_lib :  ITTAPI function not implemented: __itt_thr_mode_set
3807003 : 0xb186ed1886d38 : 2 : ittapi_config_apply_per_lib :  ITTAPI function instrumented: __itt_frame_create
3807003 : 0xb186ed1888200 : 2 : ittapi_config_apply_per_lib :  ITTAPI function instrumented: __itt_pt_region_create
3807003 : 0xb186ed18893fa : 2 : ittapi_config_apply_per_lib :  ITTAPI function instrumented: __itt_frame_begin
3807003 : 0xb186ed188a619 : 2 : ittapi_config_apply_per_lib :  ITTAPI function instrumented: __itt_frame_end
3807003 : 0xb186ed188b8dc : 2 : ittapi_config_apply_per_lib :  ITTAPI function not implemented: __itt_counter_destroy
3807003 : 0xb186ed188cad5 : 2 : ittapi_config_apply_per_lib :  ITTAPI function instrumented: __itt_counter_inc
3807003 : 0xb186ed188dc9e : 2 : ittapi_config_apply_per_lib :  ITTAPI function instrumented: __itt_counter_inc_delta
3807003 : 0xb186ed188ee0c : 2 : ittapi_config_apply_per_lib :  ITTAPI function instrumented: __itt_counter_dec
3807003 : 0xb186ed188ffb4 : 2 : ittapi_config_apply_per_lib :  ITTAPI function instrumented: __itt_counter_dec_delta
3807003 : 0xb186ed1893085 : 2 : ittapi_config_apply_per_lib :  ITTAPI function instrumented: __itt_counter_set_value
3807003 : 0xb186ed1894324 : 2 : ittapi_config_apply_per_lib :  ITTAPI function not implemented: __itt_counter_set_value_ex
3807003 : 0xb186ed1895577 : 2 : ittapi_config_apply_per_lib :  ITTAPI function not implemented: __itt_mark_create
3807003 : 0xb186ed189683b : 2 : ittapi_config_apply_per_lib :  ITTAPI function not implemented: __itt_mark
3807003 : 0xb186ed1897ab1 : 2 : ittapi_config_apply_per_lib :  ITTAPI function not implemented: __itt_mark_off
3807003 : 0xb186ed1898ce9 : 2 : ittapi_config_apply_per_lib :  ITTAPI function not implemented: __itt_mark_global
3807003 : 0xb186ed1899f58 : 2 : ittapi_config_apply_per_lib :  ITTAPI function not implemented: __itt_mark_global_off
3807003 : 0xb186ed189b1ca : 2 : ittapi_config_apply_per_lib :  ITTAPI function instrumented: __itt_stack_caller_create
3807003 : 0xb186ed189c388 : 2 : ittapi_config_apply_per_lib :  ITTAPI function instrumented: __itt_stack_caller_destroy
3807003 : 0xb186ed189d56a : 2 : ittapi_config_apply_per_lib :  ITTAPI function instrumented: __itt_stack_callee_enter
3807003 : 0xb186ed18a11dd : 2 : ittapi_config_apply_per_lib :  ITTAPI function instrumented: __itt_stack_callee_leave
3807003 : 0xb186ed18a24f7 : 2 : ittapi_config_apply_per_lib :  ITTAPI function not implemented: __itt_clock_domain_create
3807003 : 0xb186ed18a3764 : 2 : ittapi_config_apply_per_lib :  ITTAPI function not implemented: __itt_clock_domain_reset
3807003 : 0xb186ed18a49e5 : 2 : ittapi_config_apply_per_lib :  ITTAPI function not implemented: __itt_id_create_ex
3807003 : 0xb186ed18a5c43 : 2 : ittapi_config_apply_per_lib :  ITTAPI function not implemented: __itt_id_destroy_ex
3807003 : 0xb186ed18a6e87 : 2 : ittapi_config_apply_per_lib :  ITTAPI function not implemented: __itt_task_begin_ex
3807003 : 0xb186ed18a80a6 : 2 : ittapi_config_apply_per_lib :  ITTAPI function not implemented: __itt_task_begin_fn_ex
3807003 : 0xb186ed18a92c6 : 2 : ittapi_config_apply_per_lib :  ITTAPI function not implemented: __itt_task_end_ex
3807003 : 0xb186ed18aa4c7 : 2 : ittapi_config_apply_per_lib :  ITTAPI function instrumented: __itt_task_begin_overlapped
3807003 : 0xb186ed18ab743 : 2 : ittapi_config_apply_per_lib :  ITTAPI function not implemented: __itt_task_begin_overlapped_ex
3807003 : 0xb186ed18ae83e : 2 : ittapi_config_apply_per_lib :  ITTAPI function instrumented: __itt_task_end_overlapped
3807003 : 0xb186ed18afac2 : 2 : ittapi_config_apply_per_lib :  ITTAPI function not implemented: __itt_task_end_overlapped_ex
3807003 : 0xb186ed18b0cef : 2 : ittapi_config_apply_per_lib :  ITTAPI function not implemented: __itt_marker_ex
3807003 : 0xb186ed18b214a : 2 : ittapi_config_apply_per_lib :  ITTAPI function not implemented: __itt_metadata_add_with_scope
3807003 : 0xb186ed18b33d3 : 2 : ittapi_config_apply_per_lib :  ITTAPI function not implemented: __itt_metadata_str_add_with_scope
3807003 : 0xb186ed18b4680 : 2 : ittapi_config_apply_per_lib :  ITTAPI function not implemented: __itt_relation_add_to_current_ex
3807003 : 0xb186ed18b58ea : 2 : ittapi_config_apply_per_lib :  ITTAPI function not implemented: __itt_relation_add_ex
3807003 : 0xb186ed18b6b32 : 2 : ittapi_config_apply_per_lib :  ITTAPI function not implemented: __itt_track_group_create
3807003 : 0xb186ed18b7d6a : 2 : ittapi_config_apply_per_lib :  ITTAPI function not implemented: __itt_track_create
3807003 : 0xb186ed18b8f8b : 2 : ittapi_config_apply_per_lib :  ITTAPI function not implemented: __itt_set_track
3807003 : 0xb186ed18bbff9 : 2 : ittapi_config_apply_per_lib :  ITTAPI function instrumented: __itt_api_version
3807003 : 0xb186ed18bd291 : 2 : ittapi_config_apply_per_lib :  ITTAPI function not implemented: __itt_av_save
3807003 : 0xb186ed18be460 : 2 : ittapi_config_apply_per_lib :  ITTAPI function instrumented: __itt_module_load
3807003 : 0xb186ed18bf6b6 : 2 : ittapi_config_apply_per_lib :  ITTAPI function not implemented: __itt_module_unload
3807003 : 0xb186ed18bff9f : 2 : ittapi_config_apply_per_lib :  ITTAPI function NOT instrumented (not matched by --itt-config option): __itt_histogram_submit

3807003 : 0xb186ed18c12ad : 2 : ittapi_config_apply_per_lib :  ITTAPI function instrumented: __itt_counter_set_value_v3