1 [140565065079744] INFO perfrun.launcher <> - Launcher main begin
2 [140565065079744] INFO perfrun.launcher <> - MessageCatalogInit finished
2 [140565065079744] INFO perfrun.launcher <> - Launcher instance created
2 [140565065079744] INFO perfrun.launcher <> - argc = 7; cmdline = /opt/intel/oneapi/vtune/2024.1/bin64/amplxe-runss --ui-output-format xml --ui-output-fd 5 --option-file /home/waleed/vtune_results/hpx_pr_8/copy_if_hpx_threading/config/runss.options 
76 [140565065079744] INFO perfrun.launcher <> - create msngr2::ICliToolContext
77 [140565065079744] INFO perfrun.launcher <> - create file finder object
77 [140565065079744] INFO perfrun.launcher <> - create a result directory: pattern = /home/waleed/vtune_results/hpx_pr_8/copy_if_hpx_threading pid = 4294967295
79 [140565065079744] INFO perfrun.sdk <> - checked that the directory /home/waleed/vtune_results/hpx_pr_8/copy_if_hpx_threading is a local directory
79 [140565065079744] INFO perfrun.sdk <> - the directory /home/waleed/vtune_results/hpx_pr_8/copy_if_hpx_threading is a local directory with FS type ID 61267
80 [140565065079744] INFO perfrun.launcher <> - create data directory = /home/waleed/vtune_results/hpx_pr_8/copy_if_hpx_threading/data.0
80 [140565065079744] INFO perfrun.launcher <> - Creating the master collection flag
83 [140565065079744] INFO perfrun.launcher <> - Done creating the master collection flag
90 [140564905322176] INFO perfrun.launcher <> - plugin [remoteplug] was disabled because it doesn't support the given collection type.
91 [140564905322176] INFO perfrun.sdk <> - Allocating TMU :/home/waleed/vtune_results/hpx_pr_8/copy_if_hpx_threading/data.0/systemcollector-3806996-waleed-Precision-7920-Tower.sc
91 [140564905322176] INFO perfrun.system <> - Tpss based collection
92 [140564905322176] INFO perfrun.launcher <> - plugin [ptracecollector] was disabled because it doesn't support the given collection type.
92 [140564905322176] INFO perfrun.launcher <> - plugin [gpu] was disabled because it doesn't support the given collection type.
92 [140564905322176] INFO perfrun.launcher <> - plugin [] was disabled because it doesn't support the given collection type.
92 [140564905322176] INFO perfrun.launcher <> - plugin [] was disabled because it doesn't support the given collection type.
92 [140564905322176] INFO perfrun.launcher <> - plugin [] was disabled because it doesn't support the given collection type.
92 [140564905322176] INFO perfrun.mrte <> - system-wide mode is 0
92 [140564905322176] INFO perfrun.mrte <> - Getting  mrte profiling environment ...
108 [140564905322176] INFO perfrun.mrte <> - INTEL_MRTE_DATA_DIR=/home/waleed/vtune_results/hpx_pr_8/copy_if_hpx_threading/data.0
108 [140564905322176] INFO perfrun.mrte <> - INTEL_MRTE_HOST_NAME=waleed-Precision-7920-Tower
108 [140564905322176] INFO perfrun.mrte <> - JAVA_TOOL_OPTIONS=-agentlib:amplxe_tpssmrte_javaprof_1.0 -Dsun.boot.library.path=/opt/intel/oneapi/vtune/2024.1/lib32/runtime:/opt/intel/oneapi/vtune/2024.1/lib64/runtime
108 [140564905322176] INFO perfrun.mrte <> - LD_LIBRARY_PATH=/opt/intel/oneapi/vtune/2024.1/lib32/runtime:/opt/intel/oneapi/vtune/2024.1/lib64/runtime
108 [140564905322176] INFO perfrun.mrte <> - CORECLR_ENABLE_PROFILING=1
108 [140564905322176] INFO perfrun.mrte <> - CORECLR_PROFILER={AA5E4821-E3B1-479c-B7FF-5AD047D22CED}
108 [140564905322176] INFO perfrun.mrte <> - CORECLR_PROFILER_PATH=/opt/intel/oneapi/vtune/2024.1/lib64/libamplxe_samplingmrte_clrprof_1.0.so
108 [140564905322176] INFO perfrun.mrte <> - INTEL_MRTE_PROFILER_MODE=mixed
108 [140564905322176] INFO perfrun.mrte <> - Data directory: /home/waleed/vtune_results/hpx_pr_8/copy_if_hpx_threading/data.0
108 [140564905322176] INFO perfrun.mrte <> - Mrte plugin is initialized
108 [140564905322176] INFO perfrun.launcher <> - plugin [emon] was disabled because it doesn't support the given collection type.
108 [140564905322176] INFO perfrun.launcher <> - plugin [cuscol] was disabled because it doesn't support the given collection type.
108 [140564905322176] INFO perfrun.launcher <> - plugin [stdsrc] was disabled because it doesn't support the given collection type.
108 [140564905322176] INFO perfrun.launcher <> - plugin [sep] was disabled because it doesn't support the given collection type.
108 [140564905322176] INFO perfrun.launcher <> - plugin [vtsspp] was disabled because it doesn't support the given collection type.
108 [140564905322176] INFO perfrun.launcher <> - plugin [perf] was disabled because it doesn't support the given collection type.
108 [140564905322176] INFO perfrun.launcher <> - plugin [aoclprofile] was disabled because it doesn't support the given collection type.
108 [140564905322176] INFO perfrun.tpss <> - initialize tpss controller
108 [140564905322176] INFO perfrun.tpss <> - configure collection mode: value = cpu:counters:nostack
109 [140564905322176] INFO perfrun.tpss <> - configure collection mode: value = cpu:stack
109 [140564905322176] INFO perfrun.tpss <> - configure collection mode: value = threading:stack
109 [140564905322176] INFO perfrun.tpss <> - configure collection mode: value = waiting:stack
109 [140564905322176] INFO perfrun.tpss <> - configure collection mode: value = io:stack
109 [140564905322176] INFO perfrun.tpss <> - default obj-size-min=1024
109 [140564905322176] INFO perfrun.tpss <> - default hash-table-size=0
109 [140564905322176] INFO perfrun.launcher <> - plugin [media] was disabled because it doesn't support the given collection type.
109 [140564905322176] INFO perfrun.launcher <> - plugin [] was disabled because it doesn't support the given collection type.
109 [140564905322176] INFO perfrun.launcher <> - plugin [] was disabled because it doesn't support the given collection type.
109 [140564905322176] INFO perfrun.launcher <> - plugin [parallelfs] was disabled because it doesn't support the given collection type.
109 [140564905322176] INFO perfrun.launcher <> - plugin [power] was disabled because it doesn't support the given collection type.
109 [140564905322176] INFO perfrun.launcher <> - plugin [] was disabled because it doesn't support the given collection type.
109 [140564905322176] INFO perfrun.launcher <> - plugin [ipmwatch] was disabled because it doesn't support the given collection type.
109 [140564905322176] INFO perfrun.launcher <> - plugin [os_counters] was disabled because it doesn't support the given collection type.
109 [140564905322176] INFO perfrun.launcher <> - plugin [l0_metrics] was disabled because it doesn't support the given collection type.
109 [140565065079744] INFO perfrun.launcher <> - set environment variable: LD_LIBRARY_PATH = /opt/intel/oneapi/vtune/2024.1/lib32/runtime:/opt/intel/oneapi/vtune/2024.1/lib64/runtime
109 [140565065079744] INFO perfrun.launcher <> - set environment variable: INTEL_LIBITTNOTIFY32 = /opt/intel/oneapi/vtune/2024.1/lib32/runtime/libittnotify_collector.so
109 [140565065079744] INFO perfrun.launcher <> - set environment variable: INTEL_LIBITTNOTIFY64 = /opt/intel/oneapi/vtune/2024.1/lib64/runtime/libittnotify_collector.so
109 [140565065079744] INFO perfrun.launcher <> - set environment variable: INTEL_ITTNOTIFY_GROUPS = 
109 [140565065079744] INFO perfrun.launcher <> - set environment variable: INTEL_JIT_PROFILER32 = /opt/intel/oneapi/vtune/2024.1/lib32/runtime/libittnotify_collector.so
109 [140565065079744] INFO perfrun.launcher <> - set environment variable: INTEL_JIT_PROFILER64 = /opt/intel/oneapi/vtune/2024.1/lib64/runtime/libittnotify_collector.so
109 [140565065079744] INFO perfrun.launcher <> - set environment variable: OMP_TOOL_LIBRARIES = /opt/intel/oneapi/vtune/2024.1/lib32/runtime/libittnotify_collector.so:/opt/intel/oneapi/vtune/2024.1/lib64/runtime/libittnotify_collector.so
110 [140565065079744] INFO perfrun.launcher <> - set environment variable: ENABLE_JITPROFILING = 1
110 [140565065079744] INFO perfrun.launcher <> - set environment variable: CL_CONFIG_USE_VTUNE = True
110 [140565065079744] INFO perfrun.launcher <> - set environment variable: INTEL_MRTE_DATA_DIR = /home/waleed/vtune_results/hpx_pr_8/copy_if_hpx_threading/data.0
110 [140565065079744] INFO perfrun.launcher <> - set environment variable: INTEL_MRTE_HOST_NAME = waleed-Precision-7920-Tower
110 [140565065079744] INFO perfrun.launcher <> - set environment variable: JAVA_TOOL_OPTIONS = -agentlib:amplxe_tpssmrte_javaprof_1.0 -Dsun.boot.library.path=/opt/intel/oneapi/vtune/2024.1/lib32/runtime:/opt/intel/oneapi/vtune/2024.1/lib64/runtime
110 [140565065079744] INFO perfrun.launcher <> - set environment variable: LD_LIBRARY_PATH = /opt/intel/oneapi/vtune/2024.1/lib32/runtime:/opt/intel/oneapi/vtune/2024.1/lib64/runtime
110 [140565065079744] INFO perfrun.launcher <> - set environment variable: CORECLR_ENABLE_PROFILING = 1
110 [140565065079744] INFO perfrun.launcher <> - set environment variable: CORECLR_PROFILER = {AA5E4821-E3B1-479c-B7FF-5AD047D22CED}
110 [140565065079744] INFO perfrun.launcher <> - set environment variable: CORECLR_PROFILER_PATH = /opt/intel/oneapi/vtune/2024.1/lib64/libamplxe_samplingmrte_clrprof_1.0.so
110 [140565065079744] INFO perfrun.launcher <> - set environment variable: INTEL_MRTE_PROFILER_MODE = mixed
110 [140565065079744] INFO perfrun.launcher <> - RpcServer: run RPC server to handle requests
111 [140565065079744] INFO perfrun.launcher <> - Launcher: command line to start before modification = ./build/copy_if_hpx_clean --hpx:ini=hpx.use_itt_notify!=1 --hpx:threads=8 --iterations=10
111 [140565065079744] INFO perfrun.launcher <> - Launcher: command line to start after modification = /opt/intel/oneapi/vtune/2024.1/bin64/pin -error_file /home/waleed/vtune_results/hpx_pr_8/copy_if_hpx_threading/data.0/pinerr.tpsslog -detach_reattach -follow_execv -tool_load_option deepbind -t64 /opt/intel/oneapi/vtune/2024.1/lib64/libtpsstool.so -t /opt/intel/oneapi/vtune/2024.1/lib32/libtpsstool.so -server_name tpss_ipc.3806996 -prd_dir /opt/intel/oneapi/vtune/2024.1 -- ./build/copy_if_hpx_clean --hpx:ini=hpx.use_itt_notify!=1 --hpx:threads=8 --iterations=10
111 [140565065079744] INFO perfrun.launcher <> - ProcessCreator object was created
113 [140565065079744] INFO perfrun.launcher <> - Launcher: the process was started in suspend mode
121 [140564905322176] WARN perfrun.system <> - Could not do anything with /sys/kernel/debug/kvm: boost::filesystem::status: Permission denied [system:13]: "/sys/kernel/debug/kvm", at file: vcs/perfrun1/plugins/system/src/trace_writer.cpp:787
121 [140564905322176] WARN perfrun.system <> - Folder "/var/run/libvirt/qemu/"doesn't exist, at file: vcs/perfrun1/plugins/system/src/trace_writer.cpp:800
127 [140564905322176] INFO perfrun.sdk <> - runCmd: /opt/intel/oneapi/vtune/2024.1/bin64/sep -platform-info
128 [140564905322176] INFO perfrun.sdk <> - runCmd started PID 3807004
302 [140564905322176] INFO perfrun.sdk <> - sep platform info successfully parsed
303 [140564905322176] INFO perfrun.sdk <> - Mapped device: I210 Gigabit Network Connection 0000:02:00.0
303 [140564905322176] INFO perfrun.sdk <> - Mapped device: GP107GL [Quadro P400] 0000:73:00.0
303 [140564905322176] INFO perfrun.sdk <> - Mapped device: GP107GL High Definition Audio Controller 0000:73:00.1
312 [140564905322176] WARN perfrun.sdk <> - Failed to find xl binary on any of the system paths: /bin, /sbin, /usr/bin, /usr/sbin., at file: vcs/perfrun1/sdk/src/utils.cpp:204
312 [140564905322176] WARN perfrun.system <> - Only 2 usec accuracy achieved for reference point, at file: vcs/perfrun1/plugins/system/src/trace_writer.cpp:320
313 [140564905322176] WARN perfrun.system <> - Could not start ContainerMapping collector, at file: vcs/perfrun1/plugins/system/src/controller.cpp:448
325 [140564905322176] INFO perfrun.vdso <> - Helper runtool '/opt/intel/oneapi/vtune/2024.1/bin32/amplxe-runss -dump-vdso -r /home/waleed/vtune_results/hpx_pr_8/copy_if_hpx_threading --tmp-dir /tmp/amplxe-tmp-waleed' returned 1
456 [140564905322176] INFO perfrun.vdso <> - Helper runtool '/opt/intel/oneapi/vtune/2024.1/bin64/amplxe-runss -dump-vdso -r /home/waleed/vtune_results/hpx_pr_8/copy_if_hpx_threading --tmp-dir /tmp/amplxe-tmp-waleed' returned 0
456 [140564905322176] INFO perfrun.itt <> - start itt controller for pid #3807003
456 [140564905322176] INFO perfrun.tpss <> - start tpss controller for pid #3807003
507 [140565065079744] INFO perfrun.launcher <> - Launcher: all plugins were started
507 [140565065079744] INFO perfrun.launcher <> - DirectoryMonitor object was created
507 [140565065079744] INFO perfrun.launcher <> - DirectoryMonitor: a callback was added
508 [140565065079744] INFO perfrun.launcher <> - DirectoryMonitor was started with pingTime = 1000
508 [140565065079744] INFO perfrun.launcher <> - DeadlineTimer is going to be constructed
508 [140565065079744] INFO perfrun.launcher <> - DeadlineTimer: a callback was added
514 [140565065079744] INFO perfrun.launcher <> - Launcher: resume the profiled application and  wait its termination or stop command
18158 [140565065079744] INFO perfrun.launcher <> - Launcher: the profiled application was terminated  with exit code = 0
18160 [140564905322176] WARN perfrun.system <> - Only 2 usec accuracy achieved for reference point, at file: vcs/perfrun1/plugins/system/src/trace_writer.cpp:320
18179 [140564905322176] INFO perfrun.itt <> - detach itt controller
18179 [140564905322176] INFO perfrun.itt <> - detach itt controller done
18179 [140564905322176] INFO perfrun.tpss <> - stop tpss controller
18180 [140564905322176] INFO perfrun.sdk <> - De-allocating TMU: /home/waleed/vtune_results/hpx_pr_8/copy_if_hpx_threading/data.0/systemcollector-3806996-waleed-Precision-7920-Tower.sc
18180 [140564905322176] INFO perfrun.system <> - closed the system trace file: /home/waleed/vtune_results/hpx_pr_8/copy_if_hpx_threading/data.0/systemcollector-3806996-waleed-Precision-7920-Tower.sc
18180 [140565065079744] INFO perfrun.launcher <> - Launcher: all plugins were stopped.
18180 [140565065079744] INFO perfrun.launcher <> - DeadlineTimer is going to be destroyed
18181 [140565065079744] INFO perfrun.launcher <> - DeadlineTimer was destroyed
18181 [140565065079744] INFO perfrun.launcher <> - DirectoryMonitor object was destroyed
18181 [140565065079744] WARN perfrun.launcher <> - Stop command is ignored because it is received when collection is already stopped, at file: vcs/perfrun1/launcher/src/command_handler.cpp:226
18183 [140565065079744] INFO perfrun.launcher <> - Application exit code: 0
18183 [140565065079744] INFO perfrun.launcher <> - Exit code: 0
