
2156244 : 0x75673c0aa7ebc : 1 : spill_jit_data :  Jit agent is not initialized
2156203 : 0x75673c0abd003 : 2 : ittapi_config_mask_get :  --itt-config mask to be applied: 55
2156203 : 0x75673c0abf942 : 2 : ittapi_config_apply_per_lib :  ITTAPI function instrumented: __itt_domain_create
2156203 : 0x75673c0ac0edf : 2 : ittapi_config_apply_per_lib :  ITTAPI function instrumented: __itt_module_load_with_sections
2156203 : 0x75673c0ac2651 : 2 : ittapi_config_apply_per_lib :  ITTAPI function not implemented: __itt_module_unload_with_sections
2156203 : 0x75673c0ac39f6 : 2 : ittapi_config_apply_per_lib :  ITTAPI function instrumented: __itt_string_handle_create
2156203 : 0x75673c0ac7b43 : 2 : ittapi_config_apply_per_lib :  ITTAPI function instrumented: __itt_counter_create
2156203 : 0x75673c0ac8af4 : 2 : ittapi_config_apply_per_lib :  ITTAPI function instrumented: __itt_counter_create_typed
2156203 : 0x75673c0ac9a98 : 2 : ittapi_config_apply_per_lib :  ITTAPI function instrumented: __itt_pause
2156203 : 0x75673c0acaa53 : 2 : ittapi_config_apply_per_lib :  ITTAPI function instrumented: __itt_resume
2156203 : 0x75673c0ad2e76 : 2 : ittapi_config_apply_per_lib :  ITTAPI function not implemented: __itt_pause_scoped
2156203 : 0x75673c0ad4187 : 2 : ittapi_config_apply_per_lib :  ITTAPI function not implemented: __itt_resume_scoped
2156203 : 0x75673c0ad50ca : 2 : ittapi_config_apply_per_lib :  ITTAPI function instrumented: __itt_thread_set_name
2156203 : 0x75673c0ad60ac : 2 : ittapi_config_apply_per_lib :  ITTAPI function instrumented: __itt_thread_ignore
2156203 : 0x75673c0ad6fe3 : 2 : ittapi_config_apply_per_lib :  ITTAPI function instrumented: __itt_thr_name_set
2156203 : 0x75673c0ad7f00 : 2 : ittapi_config_apply_per_lib :  ITTAPI function instrumented: __itt_thr_ignore
2156203 : 0x75673c0ad8e1d : 2 : ittapi_config_apply_per_lib :  ITTAPI function instrumented: __itt_histogram_create
2156203 : 0x75673c0ad9d44 : 2 : ittapi_config_apply_per_lib :  ITTAPI function instrumented: __itt_counter_create_v3
2156203 : 0x75673c0adad2f : 2 : ittapi_config_apply_per_lib :  ITTAPI function instrumented: __itt_bind_context_metadata_to_counter
2156203 : 0x75673c0adbd76 : 2 : ittapi_config_apply_per_lib :  ITTAPI function not implemented: __itt_enable_attach
2156203 : 0x75673c0adec79 : 2 : ittapi_config_apply_per_lib :  ITTAPI function instrumented: __itt_detach
2156203 : 0x75673c0adf4bf : 2 : ittapi_config_apply_per_lib :  ITTAPI function NOT instrumented (not matched by --itt-config option): __itt_sync_create

2156203 : 0x75673c0adfcf6 : 2 : ittapi_config_apply_per_lib :  ITTAPI function NOT instrumented (not matched by --itt-config option): __itt_sync_rename

2156203 : 0x75673c0ae04ce : 2 : ittapi_config_apply_per_lib :  ITTAPI function NOT instrumented (not matched by --itt-config option): __itt_sync_destroy

2156203 : 0x75673c0ae0c89 : 2 : ittapi_config_apply_per_lib :  ITTAPI function NOT instrumented (not matched by --itt-config option): __itt_sync_prepare

2156203 : 0x75673c0ae15a8 : 2 : ittapi_config_apply_per_lib :  ITTAPI function NOT instrumented (not matched by --itt-config option): __itt_sync_cancel

2156203 : 0x75673c0ae1d54 : 2 : ittapi_config_apply_per_lib :  ITTAPI function NOT instrumented (not matched by --itt-config option): __itt_sync_acquired

2156203 : 0x75673c0ae24ae : 2 : ittapi_config_apply_per_lib :  ITTAPI function NOT instrumented (not matched by --itt-config option): __itt_sync_releasing

2156203 : 0x75673c0ae34ab : 2 : ittapi_config_apply_per_lib :  ITTAPI function not implemented: __itt_suppress_push
2156203 : 0x75673c0ae45e2 : 2 : ittapi_config_apply_per_lib :  ITTAPI function not implemented: __itt_suppress_pop
2156203 : 0x75673c0ae7031 : 2 : ittapi_config_apply_per_lib :  ITTAPI function not implemented: __itt_suppress_mark_range
2156203 : 0x75673c0ae8001 : 2 : ittapi_config_apply_per_lib :  ITTAPI function not implemented: __itt_suppress_clear_range
2156203 : 0x75673c0ae87c8 : 2 : ittapi_config_apply_per_lib :  ITTAPI function NOT instrumented (not matched by --itt-config option): __itt_sync_prepare

2156203 : 0x75673c0ae8fa2 : 2 : ittapi_config_apply_per_lib :  ITTAPI function NOT instrumented (not matched by --itt-config option): __itt_sync_cancel

2156203 : 0x75673c0ae9736 : 2 : ittapi_config_apply_per_lib :  ITTAPI function NOT instrumented (not matched by --itt-config option): __itt_sync_acquired

2156203 : 0x75673c0ae9e92 : 2 : ittapi_config_apply_per_lib :  ITTAPI function NOT instrumented (not matched by --itt-config option): __itt_sync_releasing

2156203 : 0x75673c0aea694 : 2 : ittapi_config_apply_per_lib :  ITTAPI function NOT instrumented (not matched by --itt-config option): __itt_model_site_begin

2156203 : 0x75673c0aeadf2 : 2 : ittapi_config_apply_per_lib :  ITTAPI function NOT instrumented (not matched by --itt-config option): __itt_model_site_end

2156203 : 0x75673c0aeb589 : 2 : ittapi_config_apply_per_lib :  ITTAPI function NOT instrumented (not matched by --itt-config option): __itt_model_task_begin

2156203 : 0x75673c0aebd23 : 2 : ittapi_config_apply_per_lib :  ITTAPI function NOT instrumented (not matched by --itt-config option): __itt_model_task_end

2156203 : 0x75673c0aef38c : 2 : ittapi_config_apply_per_lib :  ITTAPI function NOT instrumented (not matched by --itt-config option): __itt_model_lock_acquire

2156203 : 0x75673c0aefc2d : 2 : ittapi_config_apply_per_lib :  ITTAPI function NOT instrumented (not matched by --itt-config option): __itt_model_lock_release

2156203 : 0x75673c0af0398 : 2 : ittapi_config_apply_per_lib :  ITTAPI function NOT instrumented (not matched by --itt-config option): __itt_model_record_allocation

2156203 : 0x75673c0af0b3e : 2 : ittapi_config_apply_per_lib :  ITTAPI function NOT instrumented (not matched by --itt-config option): __itt_model_record_deallocation

2156203 : 0x75673c0af1396 : 2 : ittapi_config_apply_per_lib :  ITTAPI function NOT instrumented (not matched by --itt-config option): __itt_model_induction_uses

2156203 : 0x75673c0af1aef : 2 : ittapi_config_apply_per_lib :  ITTAPI function NOT instrumented (not matched by --itt-config option): __itt_model_reduction_uses

2156203 : 0x75673c0af224f : 2 : ittapi_config_apply_per_lib :  ITTAPI function NOT instrumented (not matched by --itt-config option): __itt_model_observe_uses

2156203 : 0x75673c0af29ac : 2 : ittapi_config_apply_per_lib :  ITTAPI function NOT instrumented (not matched by --itt-config option): __itt_model_clear_uses

2156203 : 0x75673c0af3106 : 2 : ittapi_config_apply_per_lib :  ITTAPI function NOT instrumented (not matched by --itt-config option): __itt_model_site_beginA

2156203 : 0x75673c0af385f : 2 : ittapi_config_apply_per_lib :  ITTAPI function NOT instrumented (not matched by --itt-config option): __itt_model_site_beginAL

2156203 : 0x75673c0af594c : 2 : ittapi_config_apply_per_lib :  ITTAPI function NOT instrumented (not matched by --itt-config option): __itt_model_task_beginA

2156203 : 0x75673c0af618d : 2 : ittapi_config_apply_per_lib :  ITTAPI function NOT instrumented (not matched by --itt-config option): __itt_model_task_beginAL

2156203 : 0x75673c0af68ec : 2 : ittapi_config_apply_per_lib :  ITTAPI function NOT instrumented (not matched by --itt-config option): __itt_model_iteration_taskA

2156203 : 0x75673c0af704b : 2 : ittapi_config_apply_per_lib :  ITTAPI function NOT instrumented (not matched by --itt-config option): __itt_model_iteration_taskAL

2156203 : 0x75673c0af77aa : 2 : ittapi_config_apply_per_lib :  ITTAPI function NOT instrumented (not matched by --itt-config option): __itt_model_site_end_2

2156203 : 0x75673c0af7efa : 2 : ittapi_config_apply_per_lib :  ITTAPI function NOT instrumented (not matched by --itt-config option): __itt_model_task_end_2

2156203 : 0x75673c0af90b3 : 2 : ittapi_config_apply_per_lib :  ITTAPI function NOT instrumented (not matched by --itt-config option): __itt_model_lock_acquire_2

2156203 : 0x75673c0af986f : 2 : ittapi_config_apply_per_lib :  ITTAPI function NOT instrumented (not matched by --itt-config option): __itt_model_lock_release_2

2156203 : 0x75673c0af9fd0 : 2 : ittapi_config_apply_per_lib :  ITTAPI function NOT instrumented (not matched by --itt-config option): __itt_model_aggregate_task

2156203 : 0x75673c0afa737 : 2 : ittapi_config_apply_per_lib :  ITTAPI function NOT instrumented (not matched by --itt-config option): __itt_model_disable_push

2156203 : 0x75673c0afd2c5 : 2 : ittapi_config_apply_per_lib :  ITTAPI function NOT instrumented (not matched by --itt-config option): __itt_model_disable_pop

2156203 : 0x75673c0afe371 : 2 : ittapi_config_apply_per_lib :  ITTAPI function instrumented: __itt_heap_function_create
2156203 : 0x75673c0aff2f8 : 2 : ittapi_config_apply_per_lib :  ITTAPI function instrumented: __itt_heap_allocate_begin
2156203 : 0x75673c0b0022c : 2 : ittapi_config_apply_per_lib :  ITTAPI function instrumented: __itt_heap_allocate_end
2156203 : 0x75673c0b0112d : 2 : ittapi_config_apply_per_lib :  ITTAPI function instrumented: __itt_heap_free_begin
2156203 : 0x75673c0b01ff7 : 2 : ittapi_config_apply_per_lib :  ITTAPI function instrumented: __itt_heap_free_end
2156203 : 0x75673c0b02ebe : 2 : ittapi_config_apply_per_lib :  ITTAPI function instrumented: __itt_heap_reallocate_begin
2156203 : 0x75673c0b03ddc : 2 : ittapi_config_apply_per_lib :  ITTAPI function instrumented: __itt_heap_reallocate_end
2156203 : 0x75673c0b05496 : 2 : ittapi_config_apply_per_lib :  ITTAPI function not implemented: __itt_heap_internal_access_begin
2156203 : 0x75673c0b06590 : 2 : ittapi_config_apply_per_lib :  ITTAPI function not implemented: __itt_heap_internal_access_end
2156203 : 0x75673c0b0aad9 : 2 : ittapi_config_apply_per_lib :  ITTAPI function not implemented: __itt_heap_record_memory_growth_begin
2156203 : 0x75673c0b0bc40 : 2 : ittapi_config_apply_per_lib :  ITTAPI function not implemented: __itt_heap_record_memory_growth_end
2156203 : 0x75673c0b0cc1b : 2 : ittapi_config_apply_per_lib :  ITTAPI function not implemented: __itt_heap_reset_detection
2156203 : 0x75673c0b0dc71 : 2 : ittapi_config_apply_per_lib :  ITTAPI function not implemented: __itt_heap_record
2156203 : 0x75673c0b0ec4b : 2 : ittapi_config_apply_per_lib :  ITTAPI function not implemented: __itt_id_create
2156203 : 0x75673c0b0fbff : 2 : ittapi_config_apply_per_lib :  ITTAPI function not implemented: __itt_id_destroy
2156203 : 0x75673c0b10b53 : 2 : ittapi_config_apply_per_lib :  ITTAPI function instrumented: __itt_get_timestamp
2156203 : 0x75673c0b11ab8 : 2 : ittapi_config_apply_per_lib :  ITTAPI function not implemented: __itt_region_begin
2156203 : 0x75673c0b12a2a : 2 : ittapi_config_apply_per_lib :  ITTAPI function not implemented: __itt_region_end
2156203 : 0x75673c0b13947 : 2 : ittapi_config_apply_per_lib :  ITTAPI function instrumented: __itt_frame_begin_v3
2156203 : 0x75673c0b161fc : 2 : ittapi_config_apply_per_lib :  ITTAPI function instrumented: __itt_frame_end_v3
2156203 : 0x75673c0b17148 : 2 : ittapi_config_apply_per_lib :  ITTAPI function instrumented: __itt_frame_submit_v3
2156203 : 0x75673c0b180f4 : 2 : ittapi_config_apply_per_lib :  ITTAPI function not implemented: __itt_task_group
2156203 : 0x75673c0b19053 : 2 : ittapi_config_apply_per_lib :  ITTAPI function instrumented: __itt_task_begin
2156203 : 0x75673c0b19f8e : 2 : ittapi_config_apply_per_lib :  ITTAPI function instrumented: __itt_task_begin_fn
2156203 : 0x75673c0b1ae84 : 2 : ittapi_config_apply_per_lib :  ITTAPI function instrumented: __itt_task_end
2156203 : 0x75673c0b1be12 : 2 : ittapi_config_apply_per_lib :  ITTAPI function not implemented: __itt_counter_inc_v3
2156203 : 0x75673c0b1cdc4 : 2 : ittapi_config_apply_per_lib :  ITTAPI function not implemented: __itt_counter_inc_delta_v3
2156203 : 0x75673c0b1de21 : 2 : ittapi_config_apply_per_lib :  ITTAPI function not implemented: __itt_counter_dec_v3
2156203 : 0x75673c0b1ed6d : 2 : ittapi_config_apply_per_lib :  ITTAPI function not implemented: __itt_counter_dec_delta_v3
2156203 : 0x75673c0b21766 : 2 : ittapi_config_apply_per_lib :  ITTAPI function not implemented: __itt_marker
2156203 : 0x75673c0b22767 : 2 : ittapi_config_apply_per_lib :  ITTAPI function instrumented: __itt_metadata_add
2156203 : 0x75673c0b23719 : 2 : ittapi_config_apply_per_lib :  ITTAPI function not implemented: __itt_metadata_str_add
2156203 : 0x75673c0b246dd : 2 : ittapi_config_apply_per_lib :  ITTAPI function not implemented: __itt_relation_add_to_current
2156203 : 0x75673c0b25642 : 2 : ittapi_config_apply_per_lib :  ITTAPI function not implemented: __itt_relation_add
2156203 : 0x75673c0b26536 : 2 : ittapi_config_apply_per_lib :  ITTAPI function instrumented: __itt_event_create
2156203 : 0x75673c0b27440 : 2 : ittapi_config_apply_per_lib :  ITTAPI function instrumented: __itt_event_start
2156203 : 0x75673c0b282ff : 2 : ittapi_config_apply_per_lib :  ITTAPI function instrumented: __itt_event_end
2156203 : 0x75673c0b28ad4 : 2 : ittapi_config_apply_per_lib :  ITTAPI function NOT instrumented (not matched by --itt-config option): __itt_sync_set_name

2156203 : 0x75673c0b29278 : 2 : ittapi_config_apply_per_lib :  ITTAPI function NOT instrumented (not matched by --itt-config option): __itt_notify_sync_name

2156203 : 0x75673c0b2bdce : 2 : ittapi_config_apply_per_lib :  ITTAPI function NOT instrumented (not matched by --itt-config option): __itt_notify_sync_prepare

2156203 : 0x75673c0b2c5d5 : 2 : ittapi_config_apply_per_lib :  ITTAPI function NOT instrumented (not matched by --itt-config option): __itt_notify_sync_cancel

2156203 : 0x75673c0b2cd44 : 2 : ittapi_config_apply_per_lib :  ITTAPI function NOT instrumented (not matched by --itt-config option): __itt_notify_sync_acquired

2156203 : 0x75673c0b2d4a0 : 2 : ittapi_config_apply_per_lib :  ITTAPI function NOT instrumented (not matched by --itt-config option): __itt_notify_sync_releasing

2156203 : 0x75673c0b2e54b : 2 : ittapi_config_apply_per_lib :  ITTAPI function not implemented: __itt_memory_read
2156203 : 0x75673c0b2f4b8 : 2 : ittapi_config_apply_per_lib :  ITTAPI function not implemented: __itt_memory_write
2156203 : 0x75673c0b30434 : 2 : ittapi_config_apply_per_lib :  ITTAPI function not implemented: __itt_memory_update
2156203 : 0x75673c0b313e8 : 2 : ittapi_config_apply_per_lib :  ITTAPI function not implemented: __itt_state_get
2156203 : 0x75673c0b3231f : 2 : ittapi_config_apply_per_lib :  ITTAPI function not implemented: __itt_state_set
2156203 : 0x75673c0b3325d : 2 : ittapi_config_apply_per_lib :  ITTAPI function not implemented: __itt_obj_mode_set
2156203 : 0x75673c0b35b85 : 2 : ittapi_config_apply_per_lib :  ITTAPI function not implemented: __itt_thr_mode_set
2156203 : 0x75673c0b36adf : 2 : ittapi_config_apply_per_lib :  ITTAPI function instrumented: __itt_frame_create
2156203 : 0x75673c0b379e8 : 2 : ittapi_config_apply_per_lib :  ITTAPI function instrumented: __itt_pt_region_create
2156203 : 0x75673c0b388f4 : 2 : ittapi_config_apply_per_lib :  ITTAPI function instrumented: __itt_frame_begin
2156203 : 0x75673c0b397f4 : 2 : ittapi_config_apply_per_lib :  ITTAPI function instrumented: __itt_frame_end
2156203 : 0x75673c0b3a78f : 2 : ittapi_config_apply_per_lib :  ITTAPI function not implemented: __itt_counter_destroy
2156203 : 0x75673c0b3b6e9 : 2 : ittapi_config_apply_per_lib :  ITTAPI function instrumented: __itt_counter_inc
2156203 : 0x75673c0b3c5c9 : 2 : ittapi_config_apply_per_lib :  ITTAPI function instrumented: __itt_counter_inc_delta
2156203 : 0x75673c0b3d4ac : 2 : ittapi_config_apply_per_lib :  ITTAPI function instrumented: __itt_counter_dec
2156203 : 0x75673c0b3e372 : 2 : ittapi_config_apply_per_lib :  ITTAPI function instrumented: __itt_counter_dec_delta
2156203 : 0x75673c0b40bb2 : 2 : ittapi_config_apply_per_lib :  ITTAPI function instrumented: __itt_counter_set_value
2156203 : 0x75673c0b41b84 : 2 : ittapi_config_apply_per_lib :  ITTAPI function not implemented: __itt_counter_set_value_ex
2156203 : 0x75673c0b42ad5 : 2 : ittapi_config_apply_per_lib :  ITTAPI function not implemented: __itt_mark_create
2156203 : 0x75673c0b43a9f : 2 : ittapi_config_apply_per_lib :  ITTAPI function not implemented: __itt_mark
2156203 : 0x75673c0b449fe : 2 : ittapi_config_apply_per_lib :  ITTAPI function not implemented: __itt_mark_off
2156203 : 0x75673c0b45954 : 2 : ittapi_config_apply_per_lib :  ITTAPI function not implemented: __itt_mark_global
2156203 : 0x75673c0b46892 : 2 : ittapi_config_apply_per_lib :  ITTAPI function not implemented: __itt_mark_global_off
2156203 : 0x75673c0b4781d : 2 : ittapi_config_apply_per_lib :  ITTAPI function instrumented: __itt_stack_caller_create
2156203 : 0x75673c0b4872a : 2 : ittapi_config_apply_per_lib :  ITTAPI function instrumented: __itt_stack_caller_destroy
2156203 : 0x75673c0b49613 : 2 : ittapi_config_apply_per_lib :  ITTAPI function instrumented: __itt_stack_callee_enter
2156203 : 0x75673c0b4c896 : 2 : ittapi_config_apply_per_lib :  ITTAPI function instrumented: __itt_stack_callee_leave
2156203 : 0x75673c0b4d888 : 2 : ittapi_config_apply_per_lib :  ITTAPI function not implemented: __itt_clock_domain_create
2156203 : 0x75673c0b4e7fa : 2 : ittapi_config_apply_per_lib :  ITTAPI function not implemented: __itt_clock_domain_reset
2156203 : 0x75673c0b4f797 : 2 : ittapi_config_apply_per_lib :  ITTAPI function not implemented: __itt_id_create_ex
2156203 : 0x75673c0b506fb : 2 : ittapi_config_apply_per_lib :  ITTAPI function not implemented: __itt_id_destroy_ex
2156203 : 0x75673c0b51660 : 2 : ittapi_config_apply_per_lib :  ITTAPI function not implemented: __itt_task_begin_ex
2156203 : 0x75673c0b525b9 : 2 : ittapi_config_apply_per_lib :  ITTAPI function not implemented: __itt_task_begin_fn_ex
2156203 : 0x75673c0b534e4 : 2 : ittapi_config_apply_per_lib :  ITTAPI function not implemented: __itt_task_end_ex
2156203 : 0x75673c0b54451 : 2 : ittapi_config_apply_per_lib :  ITTAPI function instrumented: __itt_task_begin_overlapped
2156203 : 0x75673c0b5540e : 2 : ittapi_config_apply_per_lib :  ITTAPI function not implemented: __itt_task_begin_overlapped_ex
2156203 : 0x75673c0b57d37 : 2 : ittapi_config_apply_per_lib :  ITTAPI function instrumented: __itt_task_end_overlapped
2156203 : 0x75673c0b58d45 : 2 : ittapi_config_apply_per_lib :  ITTAPI function not implemented: __itt_task_end_overlapped_ex
2156203 : 0x75673c0b59c6e : 2 : ittapi_config_apply_per_lib :  ITTAPI function not implemented: __itt_marker_ex
2156203 : 0x75673c0b5ac8e : 2 : ittapi_config_apply_per_lib :  ITTAPI function not implemented: __itt_metadata_add_with_scope
2156203 : 0x75673c0b5bc55 : 2 : ittapi_config_apply_per_lib :  ITTAPI function not implemented: __itt_metadata_str_add_with_scope
2156203 : 0x75673c0b5cbe2 : 2 : ittapi_config_apply_per_lib :  ITTAPI function not implemented: __itt_relation_add_to_current_ex
2156203 : 0x75673c0b5db41 : 2 : ittapi_config_apply_per_lib :  ITTAPI function not implemented: __itt_relation_add_ex
2156203 : 0x75673c0b5eaa4 : 2 : ittapi_config_apply_per_lib :  ITTAPI function not implemented: __itt_track_group_create
2156203 : 0x75673c0b5f9cf : 2 : ittapi_config_apply_per_lib :  ITTAPI function not implemented: __itt_track_create
2156203 : 0x75673c0b608df : 2 : ittapi_config_apply_per_lib :  ITTAPI function not implemented: __itt_set_track
2156203 : 0x75673c0b63198 : 2 : ittapi_config_apply_per_lib :  ITTAPI function instrumented: __itt_api_version
2156203 : 0x75673c0b6416e : 2 : ittapi_config_apply_per_lib :  ITTAPI function not implemented: __itt_av_save
2156203 : 0x75673c0b65069 : 2 : ittapi_config_apply_per_lib :  ITTAPI function instrumented: __itt_module_load
2156203 : 0x75673c0b65fa7 : 2 : ittapi_config_apply_per_lib :  ITTAPI function not implemented: __itt_module_unload
2156203 : 0x75673c0b66723 : 2 : ittapi_config_apply_per_lib :  ITTAPI function NOT instrumented (not matched by --itt-config option): __itt_histogram_submit

2156203 : 0x75673c0b6764a : 2 : ittapi_config_apply_per_lib :  ITTAPI function instrumented: __itt_counter_set_value_v3