1 [125930167221184] INFO perfrun.launcher <> - Launcher main begin
2 [125930167221184] INFO perfrun.launcher <> - MessageCatalogInit finished
2 [125930167221184] INFO perfrun.launcher <> - Launcher instance created
2 [125930167221184] INFO perfrun.launcher <> - argc = 7; cmdline = /opt/intel/oneapi/vtune/2024.1/bin64/amplxe-runss --ui-output-format xml --ui-output-fd 5 --option-file /home/waleed/vtune_results/hpx_pr_16_threads_priority/copy_if_hpx_threading/config/runss.options 
66 [125930167221184] INFO perfrun.launcher <> - create msngr2::ICliToolContext
66 [125930167221184] INFO perfrun.launcher <> - create file finder object
66 [125930167221184] INFO perfrun.launcher <> - create a result directory: pattern = /home/waleed/vtune_results/hpx_pr_16_threads_priority/copy_if_hpx_threading pid = 4294967295
68 [125930167221184] INFO perfrun.sdk <> - checked that the directory /home/waleed/vtune_results/hpx_pr_16_threads_priority/copy_if_hpx_threading is a local directory
68 [125930167221184] INFO perfrun.sdk <> - the directory /home/waleed/vtune_results/hpx_pr_16_threads_priority/copy_if_hpx_threading is a local directory with FS type ID 61267
68 [125930167221184] INFO perfrun.launcher <> - create data directory = /home/waleed/vtune_results/hpx_pr_16_threads_priority/copy_if_hpx_threading/data.0
68 [125930167221184] INFO perfrun.launcher <> - Creating the master collection flag
77 [125930167221184] INFO perfrun.launcher <> - Done creating the master collection flag
92 [125930007684800] INFO perfrun.launcher <> - plugin [remoteplug] was disabled because it doesn't support the given collection type.
94 [125930007684800] INFO perfrun.sdk <> - Allocating TMU :/home/waleed/vtune_results/hpx_pr_16_threads_priority/copy_if_hpx_threading/data.0/systemcollector-1883174-waleed-Precision-7920-Tower.sc
94 [125930007684800] INFO perfrun.system <> - Tpss based collection
94 [125930007684800] INFO perfrun.launcher <> - plugin [ptracecollector] was disabled because it doesn't support the given collection type.
94 [125930007684800] INFO perfrun.launcher <> - plugin [gpu] was disabled because it doesn't support the given collection type.
94 [125930007684800] INFO perfrun.launcher <> - plugin [] was disabled because it doesn't support the given collection type.
94 [125930007684800] INFO perfrun.launcher <> - plugin [] was disabled because it doesn't support the given collection type.
94 [125930007684800] INFO perfrun.launcher <> - plugin [] was disabled because it doesn't support the given collection type.
94 [125930007684800] INFO perfrun.mrte <> - system-wide mode is 0
94 [125930007684800] INFO perfrun.mrte <> - Getting  mrte profiling environment ...
107 [125930007684800] INFO perfrun.mrte <> - INTEL_MRTE_DATA_DIR=/home/waleed/vtune_results/hpx_pr_16_threads_priority/copy_if_hpx_threading/data.0
107 [125930007684800] INFO perfrun.mrte <> - INTEL_MRTE_HOST_NAME=waleed-Precision-7920-Tower
107 [125930007684800] INFO perfrun.mrte <> - JAVA_TOOL_OPTIONS=-agentlib:amplxe_tpssmrte_javaprof_1.0 -Dsun.boot.library.path=/opt/intel/oneapi/vtune/2024.1/lib32/runtime:/opt/intel/oneapi/vtune/2024.1/lib64/runtime
107 [125930007684800] INFO perfrun.mrte <> - LD_LIBRARY_PATH=/opt/intel/oneapi/vtune/2024.1/lib32/runtime:/opt/intel/oneapi/vtune/2024.1/lib64/runtime
107 [125930007684800] INFO perfrun.mrte <> - CORECLR_ENABLE_PROFILING=1
107 [125930007684800] INFO perfrun.mrte <> - CORECLR_PROFILER={AA5E4821-E3B1-479c-B7FF-5AD047D22CED}
107 [125930007684800] INFO perfrun.mrte <> - CORECLR_PROFILER_PATH=/opt/intel/oneapi/vtune/2024.1/lib64/libamplxe_samplingmrte_clrprof_1.0.so
107 [125930007684800] INFO perfrun.mrte <> - INTEL_MRTE_PROFILER_MODE=mixed
107 [125930007684800] INFO perfrun.mrte <> - Data directory: /home/waleed/vtune_results/hpx_pr_16_threads_priority/copy_if_hpx_threading/data.0
107 [125930007684800] INFO perfrun.mrte <> - Mrte plugin is initialized
107 [125930007684800] INFO perfrun.launcher <> - plugin [emon] was disabled because it doesn't support the given collection type.
107 [125930007684800] INFO perfrun.launcher <> - plugin [cuscol] was disabled because it doesn't support the given collection type.
107 [125930007684800] INFO perfrun.launcher <> - plugin [stdsrc] was disabled because it doesn't support the given collection type.
107 [125930007684800] INFO perfrun.launcher <> - plugin [sep] was disabled because it doesn't support the given collection type.
107 [125930007684800] INFO perfrun.launcher <> - plugin [vtsspp] was disabled because it doesn't support the given collection type.
107 [125930007684800] INFO perfrun.launcher <> - plugin [perf] was disabled because it doesn't support the given collection type.
107 [125930007684800] INFO perfrun.launcher <> - plugin [aoclprofile] was disabled because it doesn't support the given collection type.
107 [125930007684800] INFO perfrun.tpss <> - initialize tpss controller
107 [125930007684800] INFO perfrun.tpss <> - configure collection mode: value = cpu:counters:nostack
107 [125930007684800] INFO perfrun.tpss <> - configure collection mode: value = cpu:stack
107 [125930007684800] INFO perfrun.tpss <> - configure collection mode: value = threading:stack
107 [125930007684800] INFO perfrun.tpss <> - configure collection mode: value = waiting:stack
107 [125930007684800] INFO perfrun.tpss <> - configure collection mode: value = io:stack
108 [125930007684800] INFO perfrun.tpss <> - default obj-size-min=1024
108 [125930007684800] INFO perfrun.tpss <> - default hash-table-size=0
108 [125930007684800] INFO perfrun.launcher <> - plugin [media] was disabled because it doesn't support the given collection type.
108 [125930007684800] INFO perfrun.launcher <> - plugin [] was disabled because it doesn't support the given collection type.
108 [125930007684800] INFO perfrun.launcher <> - plugin [] was disabled because it doesn't support the given collection type.
108 [125930007684800] INFO perfrun.launcher <> - plugin [parallelfs] was disabled because it doesn't support the given collection type.
108 [125930007684800] INFO perfrun.launcher <> - plugin [power] was disabled because it doesn't support the given collection type.
108 [125930007684800] INFO perfrun.launcher <> - plugin [] was disabled because it doesn't support the given collection type.
108 [125930007684800] INFO perfrun.launcher <> - plugin [ipmwatch] was disabled because it doesn't support the given collection type.
108 [125930007684800] INFO perfrun.launcher <> - plugin [os_counters] was disabled because it doesn't support the given collection type.
108 [125930007684800] INFO perfrun.launcher <> - plugin [l0_metrics] was disabled because it doesn't support the given collection type.
108 [125930167221184] INFO perfrun.launcher <> - set environment variable: LD_LIBRARY_PATH = /opt/intel/oneapi/vtune/2024.1/lib32/runtime:/opt/intel/oneapi/vtune/2024.1/lib64/runtime
108 [125930167221184] INFO perfrun.launcher <> - set environment variable: INTEL_LIBITTNOTIFY32 = /opt/intel/oneapi/vtune/2024.1/lib32/runtime/libittnotify_collector.so
108 [125930167221184] INFO perfrun.launcher <> - set environment variable: INTEL_LIBITTNOTIFY64 = /opt/intel/oneapi/vtune/2024.1/lib64/runtime/libittnotify_collector.so
108 [125930167221184] INFO perfrun.launcher <> - set environment variable: INTEL_ITTNOTIFY_GROUPS = 
108 [125930167221184] INFO perfrun.launcher <> - set environment variable: INTEL_JIT_PROFILER32 = /opt/intel/oneapi/vtune/2024.1/lib32/runtime/libittnotify_collector.so
108 [125930167221184] INFO perfrun.launcher <> - set environment variable: INTEL_JIT_PROFILER64 = /opt/intel/oneapi/vtune/2024.1/lib64/runtime/libittnotify_collector.so
108 [125930167221184] INFO perfrun.launcher <> - set environment variable: OMP_TOOL_LIBRARIES = /opt/intel/oneapi/vtune/2024.1/lib32/runtime/libittnotify_collector.so:/opt/intel/oneapi/vtune/2024.1/lib64/runtime/libittnotify_collector.so
108 [125930167221184] INFO perfrun.launcher <> - set environment variable: ENABLE_JITPROFILING = 1
108 [125930167221184] INFO perfrun.launcher <> - set environment variable: CL_CONFIG_USE_VTUNE = True
108 [125930167221184] INFO perfrun.launcher <> - set environment variable: INTEL_MRTE_DATA_DIR = /home/waleed/vtune_results/hpx_pr_16_threads_priority/copy_if_hpx_threading/data.0
108 [125930167221184] INFO perfrun.launcher <> - set environment variable: INTEL_MRTE_HOST_NAME = waleed-Precision-7920-Tower
108 [125930167221184] INFO perfrun.launcher <> - set environment variable: JAVA_TOOL_OPTIONS = -agentlib:amplxe_tpssmrte_javaprof_1.0 -Dsun.boot.library.path=/opt/intel/oneapi/vtune/2024.1/lib32/runtime:/opt/intel/oneapi/vtune/2024.1/lib64/runtime
109 [125930167221184] INFO perfrun.launcher <> - set environment variable: LD_LIBRARY_PATH = /opt/intel/oneapi/vtune/2024.1/lib32/runtime:/opt/intel/oneapi/vtune/2024.1/lib64/runtime
109 [125930167221184] INFO perfrun.launcher <> - set environment variable: CORECLR_ENABLE_PROFILING = 1
109 [125930167221184] INFO perfrun.launcher <> - set environment variable: CORECLR_PROFILER = {AA5E4821-E3B1-479c-B7FF-5AD047D22CED}
109 [125930167221184] INFO perfrun.launcher <> - set environment variable: CORECLR_PROFILER_PATH = /opt/intel/oneapi/vtune/2024.1/lib64/libamplxe_samplingmrte_clrprof_1.0.so
109 [125930167221184] INFO perfrun.launcher <> - set environment variable: INTEL_MRTE_PROFILER_MODE = mixed
109 [125930167221184] INFO perfrun.launcher <> - RpcServer: run RPC server to handle requests
109 [125930167221184] INFO perfrun.launcher <> - Launcher: command line to start before modification = ./build/copy_if_hpx_clean --hpx:ini=hpx.use_itt_notify!=1 --hpx:threads=16
109 [125930167221184] INFO perfrun.launcher <> - Launcher: command line to start after modification = /opt/intel/oneapi/vtune/2024.1/bin64/pin -error_file /home/waleed/vtune_results/hpx_pr_16_threads_priority/copy_if_hpx_threading/data.0/pinerr.tpsslog -detach_reattach -follow_execv -tool_load_option deepbind -t64 /opt/intel/oneapi/vtune/2024.1/lib64/libtpsstool.so -t /opt/intel/oneapi/vtune/2024.1/lib32/libtpsstool.so -server_name tpss_ipc.1883174 -prd_dir /opt/intel/oneapi/vtune/2024.1 -- ./build/copy_if_hpx_clean --hpx:ini=hpx.use_itt_notify!=1 --hpx:threads=16
110 [125930167221184] INFO perfrun.launcher <> - ProcessCreator object was created
111 [125930167221184] INFO perfrun.launcher <> - Launcher: the process was started in suspend mode
117 [125930007684800] WARN perfrun.system <> - Could not do anything with /sys/kernel/debug/kvm: boost::filesystem::status: Permission denied [system:13]: "/sys/kernel/debug/kvm", at file: vcs/perfrun1/plugins/system/src/trace_writer.cpp:787
117 [125930007684800] WARN perfrun.system <> - Folder "/var/run/libvirt/qemu/"doesn't exist, at file: vcs/perfrun1/plugins/system/src/trace_writer.cpp:800
123 [125930007684800] INFO perfrun.sdk <> - runCmd: /opt/intel/oneapi/vtune/2024.1/bin64/sep -platform-info
124 [125930007684800] INFO perfrun.sdk <> - runCmd started PID 1883180
301 [125930007684800] INFO perfrun.sdk <> - sep platform info successfully parsed
301 [125930007684800] INFO perfrun.sdk <> - Mapped device: I210 Gigabit Network Connection 0000:02:00.0
302 [125930007684800] INFO perfrun.sdk <> - Mapped device: GP107GL [Quadro P400] 0000:73:00.0
302 [125930007684800] INFO perfrun.sdk <> - Mapped device: GP107GL High Definition Audio Controller 0000:73:00.1
312 [125930007684800] WARN perfrun.sdk <> - Failed to find xl binary on any of the system paths: /bin, /sbin, /usr/bin, /usr/sbin., at file: vcs/perfrun1/sdk/src/utils.cpp:204
312 [125930007684800] WARN perfrun.system <> - Only 2 usec accuracy achieved for reference point, at file: vcs/perfrun1/plugins/system/src/trace_writer.cpp:320
312 [125930007684800] WARN perfrun.system <> - Could not start ContainerMapping collector, at file: vcs/perfrun1/plugins/system/src/controller.cpp:448
323 [125930007684800] INFO perfrun.vdso <> - Helper runtool '/opt/intel/oneapi/vtune/2024.1/bin32/amplxe-runss -dump-vdso -r /home/waleed/vtune_results/hpx_pr_16_threads_priority/copy_if_hpx_threading --tmp-dir /tmp/amplxe-tmp-waleed' returned 1
438 [125930007684800] INFO perfrun.vdso <> - Helper runtool '/opt/intel/oneapi/vtune/2024.1/bin64/amplxe-runss -dump-vdso -r /home/waleed/vtune_results/hpx_pr_16_threads_priority/copy_if_hpx_threading --tmp-dir /tmp/amplxe-tmp-waleed' returned 0
438 [125930007684800] INFO perfrun.itt <> - start itt controller for pid #1883179
438 [125930007684800] INFO perfrun.tpss <> - start tpss controller for pid #1883179
489 [125930167221184] INFO perfrun.launcher <> - Launcher: all plugins were started
489 [125930167221184] INFO perfrun.launcher <> - DirectoryMonitor object was created
489 [125930167221184] INFO perfrun.launcher <> - DirectoryMonitor: a callback was added
489 [125930167221184] INFO perfrun.launcher <> - DirectoryMonitor was started with pingTime = 1000
489 [125930167221184] INFO perfrun.launcher <> - DeadlineTimer is going to be constructed
490 [125930167221184] INFO perfrun.launcher <> - DeadlineTimer: a callback was added
502 [125930167221184] INFO perfrun.launcher <> - Launcher: resume the profiled application and  wait its termination or stop command
3055 [125930167221184] INFO perfrun.launcher <> - Launcher: the profiled application was terminated  with exit code = 0
3058 [125930007684800] WARN perfrun.system <> - Only 2 usec accuracy achieved for reference point, at file: vcs/perfrun1/plugins/system/src/trace_writer.cpp:320
3083 [125930007684800] INFO perfrun.itt <> - detach itt controller
3083 [125930007684800] INFO perfrun.itt <> - detach itt controller done
3083 [125930007684800] INFO perfrun.tpss <> - stop tpss controller
3084 [125930007684800] INFO perfrun.sdk <> - De-allocating TMU: /home/waleed/vtune_results/hpx_pr_16_threads_priority/copy_if_hpx_threading/data.0/systemcollector-1883174-waleed-Precision-7920-Tower.sc
3084 [125930007684800] INFO perfrun.system <> - closed the system trace file: /home/waleed/vtune_results/hpx_pr_16_threads_priority/copy_if_hpx_threading/data.0/systemcollector-1883174-waleed-Precision-7920-Tower.sc
3084 [125930167221184] INFO perfrun.launcher <> - Launcher: all plugins were stopped.
3084 [125930167221184] INFO perfrun.launcher <> - DeadlineTimer is going to be destroyed
3085 [125930167221184] INFO perfrun.launcher <> - DeadlineTimer was destroyed
3085 [125930167221184] INFO perfrun.launcher <> - DirectoryMonitor object was destroyed
3085 [125930167221184] WARN perfrun.launcher <> - Stop command is ignored because it is received when collection is already stopped, at file: vcs/perfrun1/launcher/src/command_handler.cpp:226
3087 [125930167221184] INFO perfrun.launcher <> - Application exit code: 0
3087 [125930167221184] INFO perfrun.launcher <> - Exit code: 0
