1 [136770070068160] INFO perfrun.launcher <> - Launcher main begin
2 [136770070068160] INFO perfrun.launcher <> - MessageCatalogInit finished
2 [136770070068160] INFO perfrun.launcher <> - Launcher instance created
2 [136770070068160] INFO perfrun.launcher <> - argc = 6; cmdline = /opt/intel/oneapi/vtune/2024.1/bin64/amplxe-runss -dump-vdso -r /home/waleed/vtune_results/hpx_pr_8_baseline/copy_if_hpx_threading --tmp-dir /tmp/amplxe-tmp-waleed 
65 [136770070068160] INFO perfrun.launcher <> - create msngr2::ICliToolContext
65 [136770070068160] INFO perfrun.launcher <> - create file finder object
77 [136769917937344] INFO perfrun.launcher <> - plugin [remoteplug] was disabled because it doesn't support the given collection type.
77 [136769917937344] INFO perfrun.launcher <> - plugin [system] was disabled because it doesn't support the given collection type.
77 [136769917937344] INFO perfrun.vdso <> - dumping [vdso] pseudomodule
79 [136769917937344] INFO perfrun.launcher <> - plugin [itt] was disabled because it doesn't support the given collection type.
79 [136769917937344] INFO perfrun.launcher <> - plugin [ptracecollector] was disabled because it doesn't support the given collection type.
79 [136769917937344] INFO perfrun.launcher <> - plugin [gpu] was disabled because it doesn't support the given collection type.
79 [136769917937344] INFO perfrun.launcher <> - plugin [] was disabled because it doesn't support the given collection type.
79 [136769917937344] INFO perfrun.launcher <> - plugin [] was disabled because it doesn't support the given collection type.
79 [136769917937344] INFO perfrun.launcher <> - plugin [] was disabled because it doesn't support the given collection type.
79 [136769917937344] INFO perfrun.launcher <> - plugin [mrte] was disabled because it doesn't support the given collection type.
79 [136769917937344] INFO perfrun.launcher <> - plugin [emon] was disabled because it doesn't support the given collection type.
79 [136769917937344] INFO perfrun.launcher <> - plugin [cuscol] was disabled because it doesn't support the given collection type.
79 [136769917937344] INFO perfrun.launcher <> - plugin [stdsrc] was disabled because it doesn't support the given collection type.
79 [136769917937344] INFO perfrun.launcher <> - plugin [sep] was disabled because it doesn't support the given collection type.
79 [136769917937344] INFO perfrun.launcher <> - plugin [vtsspp] was disabled because it doesn't support the given collection type.
79 [136769917937344] INFO perfrun.launcher <> - plugin [perf] was disabled because it doesn't support the given collection type.
79 [136769917937344] INFO perfrun.launcher <> - plugin [aoclprofile] was disabled because it doesn't support the given collection type.
79 [136769917937344] INFO perfrun.launcher <> - plugin [tpss] was disabled because it doesn't support the given collection type.
79 [136769917937344] INFO perfrun.launcher <> - plugin [media] was disabled because it doesn't support the given collection type.
79 [136769917937344] INFO perfrun.launcher <> - plugin [] was disabled because it doesn't support the given collection type.
79 [136769917937344] INFO perfrun.launcher <> - plugin [] was disabled because it doesn't support the given collection type.
79 [136769917937344] INFO perfrun.launcher <> - plugin [parallelfs] was disabled because it doesn't support the given collection type.
79 [136769917937344] INFO perfrun.launcher <> - plugin [power] was disabled because it doesn't support the given collection type.
79 [136769917937344] INFO perfrun.launcher <> - plugin [] was disabled because it doesn't support the given collection type.
79 [136769917937344] INFO perfrun.launcher <> - plugin [ipmwatch] was disabled because it doesn't support the given collection type.
79 [136769917937344] INFO perfrun.launcher <> - plugin [os_counters] was disabled because it doesn't support the given collection type.
79 [136769917937344] INFO perfrun.launcher <> - plugin [l0_metrics] was disabled because it doesn't support the given collection type.
79 [136770070068160] INFO perfrun.launcher <> - Application exit code: 0
79 [136770070068160] INFO perfrun.launcher <> - Exit code: 0
