1 [138400011492288] INFO perfrun.launcher <> - Launcher main begin
2 [138400011492288] INFO perfrun.launcher <> - MessageCatalogInit finished
2 [138400011492288] INFO perfrun.launcher <> - Launcher instance created
2 [138400011492288] INFO perfrun.launcher <> - argc = 7; cmdline = /opt/intel/oneapi/vtune/2024.1/bin64/amplxe-runss --ui-output-format xml --ui-output-fd 5 --option-file /home/waleed/vtune_results/hpx_pr_8_baseline/copy_if_hpx_threading/config/runss.options 
67 [138400011492288] INFO perfrun.launcher <> - create msngr2::ICliToolContext
67 [138400011492288] INFO perfrun.launcher <> - create file finder object
67 [138400011492288] INFO perfrun.launcher <> - create a result directory: pattern = /home/waleed/vtune_results/hpx_pr_8_baseline/copy_if_hpx_threading pid = 4294967295
69 [138400011492288] INFO perfrun.sdk <> - checked that the directory /home/waleed/vtune_results/hpx_pr_8_baseline/copy_if_hpx_threading is a local directory
69 [138400011492288] INFO perfrun.sdk <> - the directory /home/waleed/vtune_results/hpx_pr_8_baseline/copy_if_hpx_threading is a local directory with FS type ID 61267
69 [138400011492288] INFO perfrun.launcher <> - create data directory = /home/waleed/vtune_results/hpx_pr_8_baseline/copy_if_hpx_threading/data.0
69 [138400011492288] INFO perfrun.launcher <> - Creating the master collection flag
72 [138400011492288] INFO perfrun.launcher <> - Done creating the master collection flag
85 [138399851734720] INFO perfrun.launcher <> - plugin [remoteplug] was disabled because it doesn't support the given collection type.
87 [138399851734720] INFO perfrun.sdk <> - Allocating TMU :/home/waleed/vtune_results/hpx_pr_8_baseline/copy_if_hpx_threading/data.0/systemcollector-2156198-waleed-Precision-7920-Tower.sc
87 [138399851734720] INFO perfrun.system <> - Tpss based collection
87 [138399851734720] INFO perfrun.launcher <> - plugin [ptracecollector] was disabled because it doesn't support the given collection type.
87 [138399851734720] INFO perfrun.launcher <> - plugin [gpu] was disabled because it doesn't support the given collection type.
87 [138399851734720] INFO perfrun.launcher <> - plugin [] was disabled because it doesn't support the given collection type.
87 [138399851734720] INFO perfrun.launcher <> - plugin [] was disabled because it doesn't support the given collection type.
87 [138399851734720] INFO perfrun.launcher <> - plugin [] was disabled because it doesn't support the given collection type.
87 [138399851734720] INFO perfrun.mrte <> - system-wide mode is 0
87 [138399851734720] INFO perfrun.mrte <> - Getting  mrte profiling environment ...
99 [138399851734720] INFO perfrun.mrte <> - INTEL_MRTE_DATA_DIR=/home/waleed/vtune_results/hpx_pr_8_baseline/copy_if_hpx_threading/data.0
99 [138399851734720] INFO perfrun.mrte <> - INTEL_MRTE_HOST_NAME=waleed-Precision-7920-Tower
99 [138399851734720] INFO perfrun.mrte <> - JAVA_TOOL_OPTIONS=-agentlib:amplxe_tpssmrte_javaprof_1.0 -Dsun.boot.library.path=/opt/intel/oneapi/vtune/2024.1/lib32/runtime:/opt/intel/oneapi/vtune/2024.1/lib64/runtime
99 [138399851734720] INFO perfrun.mrte <> - LD_LIBRARY_PATH=/opt/intel/oneapi/vtune/2024.1/lib32/runtime:/opt/intel/oneapi/vtune/2024.1/lib64/runtime
99 [138399851734720] INFO perfrun.mrte <> - CORECLR_ENABLE_PROFILING=1
99 [138399851734720] INFO perfrun.mrte <> - CORECLR_PROFILER={AA5E4821-E3B1-479c-B7FF-5AD047D22CED}
99 [138399851734720] INFO perfrun.mrte <> - CORECLR_PROFILER_PATH=/opt/intel/oneapi/vtune/2024.1/lib64/libamplxe_samplingmrte_clrprof_1.0.so
99 [138399851734720] INFO perfrun.mrte <> - INTEL_MRTE_PROFILER_MODE=mixed
99 [138399851734720] INFO perfrun.mrte <> - Data directory: /home/waleed/vtune_results/hpx_pr_8_baseline/copy_if_hpx_threading/data.0
99 [138399851734720] INFO perfrun.mrte <> - Mrte plugin is initialized
99 [138399851734720] INFO perfrun.launcher <> - plugin [emon] was disabled because it doesn't support the given collection type.
99 [138399851734720] INFO perfrun.launcher <> - plugin [cuscol] was disabled because it doesn't support the given collection type.
99 [138399851734720] INFO perfrun.launcher <> - plugin [stdsrc] was disabled because it doesn't support the given collection type.
99 [138399851734720] INFO perfrun.launcher <> - plugin [sep] was disabled because it doesn't support the given collection type.
99 [138399851734720] INFO perfrun.launcher <> - plugin [vtsspp] was disabled because it doesn't support the given collection type.
99 [138399851734720] INFO perfrun.launcher <> - plugin [perf] was disabled because it doesn't support the given collection type.
99 [138399851734720] INFO perfrun.launcher <> - plugin [aoclprofile] was disabled because it doesn't support the given collection type.
99 [138399851734720] INFO perfrun.tpss <> - initialize tpss controller
99 [138399851734720] INFO perfrun.tpss <> - configure collection mode: value = cpu:counters:nostack
99 [138399851734720] INFO perfrun.tpss <> - configure collection mode: value = cpu:stack
99 [138399851734720] INFO perfrun.tpss <> - configure collection mode: value = threading:stack
99 [138399851734720] INFO perfrun.tpss <> - configure collection mode: value = waiting:stack
99 [138399851734720] INFO perfrun.tpss <> - configure collection mode: value = io:stack
99 [138399851734720] INFO perfrun.tpss <> - default obj-size-min=1024
99 [138399851734720] INFO perfrun.tpss <> - default hash-table-size=0
99 [138399851734720] INFO perfrun.launcher <> - plugin [media] was disabled because it doesn't support the given collection type.
99 [138399851734720] INFO perfrun.launcher <> - plugin [] was disabled because it doesn't support the given collection type.
99 [138399851734720] INFO perfrun.launcher <> - plugin [] was disabled because it doesn't support the given collection type.
99 [138399851734720] INFO perfrun.launcher <> - plugin [parallelfs] was disabled because it doesn't support the given collection type.
99 [138399851734720] INFO perfrun.launcher <> - plugin [power] was disabled because it doesn't support the given collection type.
99 [138399851734720] INFO perfrun.launcher <> - plugin [] was disabled because it doesn't support the given collection type.
99 [138399851734720] INFO perfrun.launcher <> - plugin [ipmwatch] was disabled because it doesn't support the given collection type.
99 [138399851734720] INFO perfrun.launcher <> - plugin [os_counters] was disabled because it doesn't support the given collection type.
99 [138399851734720] INFO perfrun.launcher <> - plugin [l0_metrics] was disabled because it doesn't support the given collection type.
100 [138400011492288] INFO perfrun.launcher <> - set environment variable: LD_LIBRARY_PATH = /opt/intel/oneapi/vtune/2024.1/lib32/runtime:/opt/intel/oneapi/vtune/2024.1/lib64/runtime
100 [138400011492288] INFO perfrun.launcher <> - set environment variable: INTEL_LIBITTNOTIFY32 = /opt/intel/oneapi/vtune/2024.1/lib32/runtime/libittnotify_collector.so
100 [138400011492288] INFO perfrun.launcher <> - set environment variable: INTEL_LIBITTNOTIFY64 = /opt/intel/oneapi/vtune/2024.1/lib64/runtime/libittnotify_collector.so
100 [138400011492288] INFO perfrun.launcher <> - set environment variable: INTEL_ITTNOTIFY_GROUPS = 
100 [138400011492288] INFO perfrun.launcher <> - set environment variable: INTEL_JIT_PROFILER32 = /opt/intel/oneapi/vtune/2024.1/lib32/runtime/libittnotify_collector.so
100 [138400011492288] INFO perfrun.launcher <> - set environment variable: INTEL_JIT_PROFILER64 = /opt/intel/oneapi/vtune/2024.1/lib64/runtime/libittnotify_collector.so
100 [138400011492288] INFO perfrun.launcher <> - set environment variable: OMP_TOOL_LIBRARIES = /opt/intel/oneapi/vtune/2024.1/lib32/runtime/libittnotify_collector.so:/opt/intel/oneapi/vtune/2024.1/lib64/runtime/libittnotify_collector.so
100 [138400011492288] INFO perfrun.launcher <> - set environment variable: ENABLE_JITPROFILING = 1
100 [138400011492288] INFO perfrun.launcher <> - set environment variable: CL_CONFIG_USE_VTUNE = True
100 [138400011492288] INFO perfrun.launcher <> - set environment variable: INTEL_MRTE_DATA_DIR = /home/waleed/vtune_results/hpx_pr_8_baseline/copy_if_hpx_threading/data.0
100 [138400011492288] INFO perfrun.launcher <> - set environment variable: INTEL_MRTE_HOST_NAME = waleed-Precision-7920-Tower
101 [138400011492288] INFO perfrun.launcher <> - set environment variable: JAVA_TOOL_OPTIONS = -agentlib:amplxe_tpssmrte_javaprof_1.0 -Dsun.boot.library.path=/opt/intel/oneapi/vtune/2024.1/lib32/runtime:/opt/intel/oneapi/vtune/2024.1/lib64/runtime
101 [138400011492288] INFO perfrun.launcher <> - set environment variable: LD_LIBRARY_PATH = /opt/intel/oneapi/vtune/2024.1/lib32/runtime:/opt/intel/oneapi/vtune/2024.1/lib64/runtime
101 [138400011492288] INFO perfrun.launcher <> - set environment variable: CORECLR_ENABLE_PROFILING = 1
101 [138400011492288] INFO perfrun.launcher <> - set environment variable: CORECLR_PROFILER = {AA5E4821-E3B1-479c-B7FF-5AD047D22CED}
101 [138400011492288] INFO perfrun.launcher <> - set environment variable: CORECLR_PROFILER_PATH = /opt/intel/oneapi/vtune/2024.1/lib64/libamplxe_samplingmrte_clrprof_1.0.so
101 [138400011492288] INFO perfrun.launcher <> - set environment variable: INTEL_MRTE_PROFILER_MODE = mixed
101 [138400011492288] INFO perfrun.launcher <> - RpcServer: run RPC server to handle requests
101 [138400011492288] INFO perfrun.launcher <> - Launcher: command line to start before modification = ./build/copy_if_hpx_clean --hpx:ini=hpx.use_itt_notify!=1 --hpx:threads=8
101 [138400011492288] INFO perfrun.launcher <> - Launcher: command line to start after modification = /opt/intel/oneapi/vtune/2024.1/bin64/pin -error_file /home/waleed/vtune_results/hpx_pr_8_baseline/copy_if_hpx_threading/data.0/pinerr.tpsslog -detach_reattach -follow_execv -tool_load_option deepbind -t64 /opt/intel/oneapi/vtune/2024.1/lib64/libtpsstool.so -t /opt/intel/oneapi/vtune/2024.1/lib32/libtpsstool.so -server_name tpss_ipc.2156198 -prd_dir /opt/intel/oneapi/vtune/2024.1 -- ./build/copy_if_hpx_clean --hpx:ini=hpx.use_itt_notify!=1 --hpx:threads=8
101 [138400011492288] INFO perfrun.launcher <> - ProcessCreator object was created
102 [138400011492288] INFO perfrun.launcher <> - Launcher: the process was started in suspend mode
108 [138399851734720] WARN perfrun.system <> - Could not do anything with /sys/kernel/debug/kvm: boost::filesystem::status: Permission denied [system:13]: "/sys/kernel/debug/kvm", at file: vcs/perfrun1/plugins/system/src/trace_writer.cpp:787
108 [138399851734720] WARN perfrun.system <> - Folder "/var/run/libvirt/qemu/"doesn't exist, at file: vcs/perfrun1/plugins/system/src/trace_writer.cpp:800
113 [138399851734720] INFO perfrun.sdk <> - runCmd: /opt/intel/oneapi/vtune/2024.1/bin64/sep -platform-info
113 [138399851734720] INFO perfrun.sdk <> - runCmd started PID 2156204
292 [138399851734720] INFO perfrun.sdk <> - sep platform info successfully parsed
292 [138399851734720] INFO perfrun.sdk <> - Mapped device: I210 Gigabit Network Connection 0000:02:00.0
292 [138399851734720] INFO perfrun.sdk <> - Mapped device: GP107GL [Quadro P400] 0000:73:00.0
292 [138399851734720] INFO perfrun.sdk <> - Mapped device: GP107GL High Definition Audio Controller 0000:73:00.1
302 [138399851734720] WARN perfrun.sdk <> - Failed to find xl binary on any of the system paths: /bin, /sbin, /usr/bin, /usr/sbin., at file: vcs/perfrun1/sdk/src/utils.cpp:204
302 [138399851734720] WARN perfrun.system <> - Only 2 usec accuracy achieved for reference point, at file: vcs/perfrun1/plugins/system/src/trace_writer.cpp:320
302 [138399851734720] WARN perfrun.system <> - Could not start ContainerMapping collector, at file: vcs/perfrun1/plugins/system/src/controller.cpp:448
315 [138399851734720] INFO perfrun.vdso <> - Helper runtool '/opt/intel/oneapi/vtune/2024.1/bin32/amplxe-runss -dump-vdso -r /home/waleed/vtune_results/hpx_pr_8_baseline/copy_if_hpx_threading --tmp-dir /tmp/amplxe-tmp-waleed' returned 1
431 [138399851734720] INFO perfrun.vdso <> - Helper runtool '/opt/intel/oneapi/vtune/2024.1/bin64/amplxe-runss -dump-vdso -r /home/waleed/vtune_results/hpx_pr_8_baseline/copy_if_hpx_threading --tmp-dir /tmp/amplxe-tmp-waleed' returned 0
431 [138399851734720] INFO perfrun.itt <> - start itt controller for pid #2156203
432 [138399851734720] INFO perfrun.tpss <> - start tpss controller for pid #2156203
483 [138400011492288] INFO perfrun.launcher <> - Launcher: all plugins were started
483 [138400011492288] INFO perfrun.launcher <> - DirectoryMonitor object was created
483 [138400011492288] INFO perfrun.launcher <> - DirectoryMonitor: a callback was added
483 [138400011492288] INFO perfrun.launcher <> - DirectoryMonitor was started with pingTime = 1000
483 [138400011492288] INFO perfrun.launcher <> - DeadlineTimer is going to be constructed
483 [138400011492288] INFO perfrun.launcher <> - DeadlineTimer: a callback was added
489 [138400011492288] INFO perfrun.launcher <> - Launcher: resume the profiled application and  wait its termination or stop command
3338 [138400011492288] INFO perfrun.launcher <> - Launcher: the profiled application was terminated  with exit code = 0
3339 [138399851734720] WARN perfrun.system <> - Only 2 usec accuracy achieved for reference point, at file: vcs/perfrun1/plugins/system/src/trace_writer.cpp:320
3358 [138399851734720] INFO perfrun.itt <> - detach itt controller
3358 [138399851734720] INFO perfrun.itt <> - detach itt controller done
3358 [138399851734720] INFO perfrun.tpss <> - stop tpss controller
3359 [138399851734720] INFO perfrun.sdk <> - De-allocating TMU: /home/waleed/vtune_results/hpx_pr_8_baseline/copy_if_hpx_threading/data.0/systemcollector-2156198-waleed-Precision-7920-Tower.sc
3359 [138399851734720] INFO perfrun.system <> - closed the system trace file: /home/waleed/vtune_results/hpx_pr_8_baseline/copy_if_hpx_threading/data.0/systemcollector-2156198-waleed-Precision-7920-Tower.sc
3359 [138400011492288] INFO perfrun.launcher <> - Launcher: all plugins were stopped.
3359 [138400011492288] INFO perfrun.launcher <> - DeadlineTimer is going to be destroyed
3359 [138400011492288] INFO perfrun.launcher <> - DeadlineTimer was destroyed
3360 [138400011492288] INFO perfrun.launcher <> - DirectoryMonitor object was destroyed
3360 [138400011492288] WARN perfrun.launcher <> - Stop command is ignored because it is received when collection is already stopped, at file: vcs/perfrun1/launcher/src/command_handler.cpp:226
3361 [138400011492288] INFO perfrun.launcher <> - Application exit code: 0
3361 [138400011492288] INFO perfrun.launcher <> - Exit code: 0
