
4068609 : 0xb2aa3a8d4547b : 1 : spill_jit_data :  Jit agent is not initialized
4068568 : 0xb2aa3a8d56452 : 2 : ittapi_config_mask_get :  --itt-config mask to be applied: 55
4068568 : 0xb2aa3a8d5923a : 2 : ittapi_config_apply_per_lib :  ITTAPI function instrumented: __itt_domain_create
4068568 : 0xb2aa3a8d5a6c7 : 2 : ittapi_config_apply_per_lib :  ITTAPI function instrumented: __itt_module_load_with_sections
4068568 : 0xb2aa3a8d5bdfd : 2 : ittapi_config_apply_per_lib :  ITTAPI function not implemented: __itt_module_unload_with_sections
4068568 : 0xb2aa3a8d5d02d : 2 : ittapi_config_apply_per_lib :  ITTAPI function instrumented: __itt_string_handle_create
4068568 : 0xb2aa3a8d5e085 : 2 : ittapi_config_apply_per_lib :  ITTAPI function instrumented: __itt_counter_create
4068568 : 0xb2aa3a8d5f09a : 2 : ittapi_config_apply_per_lib :  ITTAPI function instrumented: __itt_counter_create_typed
4068568 : 0xb2aa3a8d600e9 : 2 : ittapi_config_apply_per_lib :  ITTAPI function instrumented: __itt_pause
4068568 : 0xb2aa3a8d6117e : 2 : ittapi_config_apply_per_lib :  ITTAPI function instrumented: __itt_resume
4068568 : 0xb2aa3a8d6c4e0 : 2 : ittapi_config_apply_per_lib :  ITTAPI function not implemented: __itt_pause_scoped
4068568 : 0xb2aa3a8d6d793 : 2 : ittapi_config_apply_per_lib :  ITTAPI function not implemented: __itt_resume_scoped
4068568 : 0xb2aa3a8d6e7be : 2 : ittapi_config_apply_per_lib :  ITTAPI function instrumented: __itt_thread_set_name
4068568 : 0xb2aa3a8d6f82a : 2 : ittapi_config_apply_per_lib :  ITTAPI function instrumented: __itt_thread_ignore
4068568 : 0xb2aa3a8d70844 : 2 : ittapi_config_apply_per_lib :  ITTAPI function instrumented: __itt_thr_name_set
4068568 : 0xb2aa3a8d7184e : 2 : ittapi_config_apply_per_lib :  ITTAPI function instrumented: __itt_thr_ignore
4068568 : 0xb2aa3a8d728c8 : 2 : ittapi_config_apply_per_lib :  ITTAPI function instrumented: __itt_histogram_create
4068568 : 0xb2aa3a8d738e5 : 2 : ittapi_config_apply_per_lib :  ITTAPI function instrumented: __itt_counter_create_v3
4068568 : 0xb2aa3a8d748f1 : 2 : ittapi_config_apply_per_lib :  ITTAPI function instrumented: __itt_bind_context_metadata_to_counter
4068568 : 0xb2aa3a8d759e1 : 2 : ittapi_config_apply_per_lib :  ITTAPI function not implemented: __itt_enable_attach
4068568 : 0xb2aa3a8d7898c : 2 : ittapi_config_apply_per_lib :  ITTAPI function instrumented: __itt_detach
4068568 : 0xb2aa3a8d7929e : 2 : ittapi_config_apply_per_lib :  ITTAPI function NOT instrumented (not matched by --itt-config option): __itt_sync_create

4068568 : 0xb2aa3a8d79ad2 : 2 : ittapi_config_apply_per_lib :  ITTAPI function NOT instrumented (not matched by --itt-config option): __itt_sync_rename

4068568 : 0xb2aa3a8d7a302 : 2 : ittapi_config_apply_per_lib :  ITTAPI function NOT instrumented (not matched by --itt-config option): __itt_sync_destroy

4068568 : 0xb2aa3a8d7ab2e : 2 : ittapi_config_apply_per_lib :  ITTAPI function NOT instrumented (not matched by --itt-config option): __itt_sync_prepare

4068568 : 0xb2aa3a8d7b321 : 2 : ittapi_config_apply_per_lib :  ITTAPI function NOT instrumented (not matched by --itt-config option): __itt_sync_cancel

4068568 : 0xb2aa3a8d7bbd1 : 2 : ittapi_config_apply_per_lib :  ITTAPI function NOT instrumented (not matched by --itt-config option): __itt_sync_acquired

4068568 : 0xb2aa3a8d7c3a2 : 2 : ittapi_config_apply_per_lib :  ITTAPI function NOT instrumented (not matched by --itt-config option): __itt_sync_releasing

4068568 : 0xb2aa3a8d7d600 : 2 : ittapi_config_apply_per_lib :  ITTAPI function not implemented: __itt_suppress_push
4068568 : 0xb2aa3a8d7ea16 : 2 : ittapi_config_apply_per_lib :  ITTAPI function not implemented: __itt_suppress_pop
4068568 : 0xb2aa3a8d8164f : 2 : ittapi_config_apply_per_lib :  ITTAPI function not implemented: __itt_suppress_mark_range
4068568 : 0xb2aa3a8d826fb : 2 : ittapi_config_apply_per_lib :  ITTAPI function not implemented: __itt_suppress_clear_range
4068568 : 0xb2aa3a8d82f08 : 2 : ittapi_config_apply_per_lib :  ITTAPI function NOT instrumented (not matched by --itt-config option): __itt_sync_prepare

4068568 : 0xb2aa3a8d836f9 : 2 : ittapi_config_apply_per_lib :  ITTAPI function NOT instrumented (not matched by --itt-config option): __itt_sync_cancel

4068568 : 0xb2aa3a8d83ee3 : 2 : ittapi_config_apply_per_lib :  ITTAPI function NOT instrumented (not matched by --itt-config option): __itt_sync_acquired

4068568 : 0xb2aa3a8d846bd : 2 : ittapi_config_apply_per_lib :  ITTAPI function NOT instrumented (not matched by --itt-config option): __itt_sync_releasing

4068568 : 0xb2aa3a8d84eda : 2 : ittapi_config_apply_per_lib :  ITTAPI function NOT instrumented (not matched by --itt-config option): __itt_model_site_begin

4068568 : 0xb2aa3a8d856ba : 2 : ittapi_config_apply_per_lib :  ITTAPI function NOT instrumented (not matched by --itt-config option): __itt_model_site_end

4068568 : 0xb2aa3a8d85e93 : 2 : ittapi_config_apply_per_lib :  ITTAPI function NOT instrumented (not matched by --itt-config option): __itt_model_task_begin

4068568 : 0xb2aa3a8d8666e : 2 : ittapi_config_apply_per_lib :  ITTAPI function NOT instrumented (not matched by --itt-config option): __itt_model_task_end

4068568 : 0xb2aa3a8d8a001 : 2 : ittapi_config_apply_per_lib :  ITTAPI function NOT instrumented (not matched by --itt-config option): __itt_model_lock_acquire

4068568 : 0xb2aa3a8d8a878 : 2 : ittapi_config_apply_per_lib :  ITTAPI function NOT instrumented (not matched by --itt-config option): __itt_model_lock_release

4068568 : 0xb2aa3a8d8b056 : 2 : ittapi_config_apply_per_lib :  ITTAPI function NOT instrumented (not matched by --itt-config option): __itt_model_record_allocation

4068568 : 0xb2aa3a8d8b87f : 2 : ittapi_config_apply_per_lib :  ITTAPI function NOT instrumented (not matched by --itt-config option): __itt_model_record_deallocation

4068568 : 0xb2aa3a8d8c107 : 2 : ittapi_config_apply_per_lib :  ITTAPI function NOT instrumented (not matched by --itt-config option): __itt_model_induction_uses

4068568 : 0xb2aa3a8d8c8e2 : 2 : ittapi_config_apply_per_lib :  ITTAPI function NOT instrumented (not matched by --itt-config option): __itt_model_reduction_uses

4068568 : 0xb2aa3a8d8d150 : 2 : ittapi_config_apply_per_lib :  ITTAPI function NOT instrumented (not matched by --itt-config option): __itt_model_observe_uses

4068568 : 0xb2aa3a8d8d925 : 2 : ittapi_config_apply_per_lib :  ITTAPI function NOT instrumented (not matched by --itt-config option): __itt_model_clear_uses

4068568 : 0xb2aa3a8d8e0fd : 2 : ittapi_config_apply_per_lib :  ITTAPI function NOT instrumented (not matched by --itt-config option): __itt_model_site_beginA

4068568 : 0xb2aa3a8d8e8d5 : 2 : ittapi_config_apply_per_lib :  ITTAPI function NOT instrumented (not matched by --itt-config option): __itt_model_site_beginAL

4068568 : 0xb2aa3a8d90bf4 : 2 : ittapi_config_apply_per_lib :  ITTAPI function NOT instrumented (not matched by --itt-config option): __itt_model_task_beginA

4068568 : 0xb2aa3a8d913e9 : 2 : ittapi_config_apply_per_lib :  ITTAPI function NOT instrumented (not matched by --itt-config option): __itt_model_task_beginAL

4068568 : 0xb2aa3a8d91bc2 : 2 : ittapi_config_apply_per_lib :  ITTAPI function NOT instrumented (not matched by --itt-config option): __itt_model_iteration_taskA

4068568 : 0xb2aa3a8d92f56 : 2 : ittapi_config_apply_per_lib :  ITTAPI function NOT instrumented (not matched by --itt-config option): __itt_model_iteration_taskAL

4068568 : 0xb2aa3a8d93791 : 2 : ittapi_config_apply_per_lib :  ITTAPI function NOT instrumented (not matched by --itt-config option): __itt_model_site_end_2

4068568 : 0xb2aa3a8d93f6a : 2 : ittapi_config_apply_per_lib :  ITTAPI function NOT instrumented (not matched by --itt-config option): __itt_model_task_end_2

4068568 : 0xb2aa3a8d947e6 : 2 : ittapi_config_apply_per_lib :  ITTAPI function NOT instrumented (not matched by --itt-config option): __itt_model_lock_acquire_2

4068568 : 0xb2aa3a8d94fc2 : 2 : ittapi_config_apply_per_lib :  ITTAPI function NOT instrumented (not matched by --itt-config option): __itt_model_lock_release_2

4068568 : 0xb2aa3a8d957ed : 2 : ittapi_config_apply_per_lib :  ITTAPI function NOT instrumented (not matched by --itt-config option): __itt_model_aggregate_task

4068568 : 0xb2aa3a8d9600e : 2 : ittapi_config_apply_per_lib :  ITTAPI function NOT instrumented (not matched by --itt-config option): __itt_model_disable_push

4068568 : 0xb2aa3a8d990ab : 2 : ittapi_config_apply_per_lib :  ITTAPI function NOT instrumented (not matched by --itt-config option): __itt_model_disable_pop

4068568 : 0xb2aa3a8d9a20f : 2 : ittapi_config_apply_per_lib :  ITTAPI function instrumented: __itt_heap_function_create
4068568 : 0xb2aa3a8d9b27b : 2 : ittapi_config_apply_per_lib :  ITTAPI function instrumented: __itt_heap_allocate_begin
4068568 : 0xb2aa3a8d9c2a0 : 2 : ittapi_config_apply_per_lib :  ITTAPI function instrumented: __itt_heap_allocate_end
4068568 : 0xb2aa3a8d9d2bb : 2 : ittapi_config_apply_per_lib :  ITTAPI function instrumented: __itt_heap_free_begin
4068568 : 0xb2aa3a8d9e306 : 2 : ittapi_config_apply_per_lib :  ITTAPI function instrumented: __itt_heap_free_end
4068568 : 0xb2aa3a8d9f2c8 : 2 : ittapi_config_apply_per_lib :  ITTAPI function instrumented: __itt_heap_reallocate_begin
4068568 : 0xb2aa3a8da027b : 2 : ittapi_config_apply_per_lib :  ITTAPI function instrumented: __itt_heap_reallocate_end
4068568 : 0xb2aa3a8da13d7 : 2 : ittapi_config_apply_per_lib :  ITTAPI function not implemented: __itt_heap_internal_access_begin
4068568 : 0xb2aa3a8da24b9 : 2 : ittapi_config_apply_per_lib :  ITTAPI function not implemented: __itt_heap_internal_access_end
4068568 : 0xb2aa3a8da519c : 2 : ittapi_config_apply_per_lib :  ITTAPI function not implemented: __itt_heap_record_memory_growth_begin
4068568 : 0xb2aa3a8da64cd : 2 : ittapi_config_apply_per_lib :  ITTAPI function not implemented: __itt_heap_record_memory_growth_end
4068568 : 0xb2aa3a8da7597 : 2 : ittapi_config_apply_per_lib :  ITTAPI function not implemented: __itt_heap_reset_detection
4068568 : 0xb2aa3a8da8780 : 2 : ittapi_config_apply_per_lib :  ITTAPI function not implemented: __itt_heap_record
4068568 : 0xb2aa3a8da9860 : 2 : ittapi_config_apply_per_lib :  ITTAPI function not implemented: __itt_id_create
4068568 : 0xb2aa3a8daa93f : 2 : ittapi_config_apply_per_lib :  ITTAPI function not implemented: __itt_id_destroy
4068568 : 0xb2aa3a8dab987 : 2 : ittapi_config_apply_per_lib :  ITTAPI function instrumented: __itt_get_timestamp
4068568 : 0xb2aa3a8dac9c7 : 2 : ittapi_config_apply_per_lib :  ITTAPI function not implemented: __itt_region_begin
4068568 : 0xb2aa3a8dada21 : 2 : ittapi_config_apply_per_lib :  ITTAPI function not implemented: __itt_region_end
4068568 : 0xb2aa3a8daeba5 : 2 : ittapi_config_apply_per_lib :  ITTAPI function instrumented: __itt_frame_begin_v3
4068568 : 0xb2aa3a8db1721 : 2 : ittapi_config_apply_per_lib :  ITTAPI function instrumented: __itt_frame_end_v3
4068568 : 0xb2aa3a8db2729 : 2 : ittapi_config_apply_per_lib :  ITTAPI function instrumented: __itt_frame_submit_v3
4068568 : 0xb2aa3a8db37cd : 2 : ittapi_config_apply_per_lib :  ITTAPI function not implemented: __itt_task_group
4068568 : 0xb2aa3a8db4805 : 2 : ittapi_config_apply_per_lib :  ITTAPI function instrumented: __itt_task_begin
4068568 : 0xb2aa3a8db57ec : 2 : ittapi_config_apply_per_lib :  ITTAPI function instrumented: __itt_task_begin_fn
4068568 : 0xb2aa3a8db678c : 2 : ittapi_config_apply_per_lib :  ITTAPI function instrumented: __itt_task_end
4068568 : 0xb2aa3a8db7828 : 2 : ittapi_config_apply_per_lib :  ITTAPI function not implemented: __itt_counter_inc_v3
4068568 : 0xb2aa3a8db8937 : 2 : ittapi_config_apply_per_lib :  ITTAPI function not implemented: __itt_counter_inc_delta_v3
4068568 : 0xb2aa3a8db9b23 : 2 : ittapi_config_apply_per_lib :  ITTAPI function not implemented: __itt_counter_dec_v3
4068568 : 0xb2aa3a8dbab62 : 2 : ittapi_config_apply_per_lib :  ITTAPI function not implemented: __itt_counter_dec_delta_v3
4068568 : 0xb2aa3a8dbd786 : 2 : ittapi_config_apply_per_lib :  ITTAPI function not implemented: __itt_marker
4068568 : 0xb2aa3a8dbe7ed : 2 : ittapi_config_apply_per_lib :  ITTAPI function instrumented: __itt_metadata_add
4068568 : 0xb2aa3a8dbf89b : 2 : ittapi_config_apply_per_lib :  ITTAPI function not implemented: __itt_metadata_str_add
4068568 : 0xb2aa3a8dc08f7 : 2 : ittapi_config_apply_per_lib :  ITTAPI function not implemented: __itt_relation_add_to_current
4068568 : 0xb2aa3a8dc198e : 2 : ittapi_config_apply_per_lib :  ITTAPI function not implemented: __itt_relation_add
4068568 : 0xb2aa3a8dc2a38 : 2 : ittapi_config_apply_per_lib :  ITTAPI function instrumented: __itt_event_create
4068568 : 0xb2aa3a8dc3a56 : 2 : ittapi_config_apply_per_lib :  ITTAPI function instrumented: __itt_event_start
4068568 : 0xb2aa3a8dc4a06 : 2 : ittapi_config_apply_per_lib :  ITTAPI function instrumented: __itt_event_end
4068568 : 0xb2aa3a8dc5204 : 2 : ittapi_config_apply_per_lib :  ITTAPI function NOT instrumented (not matched by --itt-config option): __itt_sync_set_name

4068568 : 0xb2aa3a8dc5a2c : 2 : ittapi_config_apply_per_lib :  ITTAPI function NOT instrumented (not matched by --itt-config option): __itt_notify_sync_name

4068568 : 0xb2aa3a8dca28f : 2 : ittapi_config_apply_per_lib :  ITTAPI function NOT instrumented (not matched by --itt-config option): __itt_notify_sync_prepare

4068568 : 0xb2aa3a8dcab05 : 2 : ittapi_config_apply_per_lib :  ITTAPI function NOT instrumented (not matched by --itt-config option): __itt_notify_sync_cancel

4068568 : 0xb2aa3a8dcb2f9 : 2 : ittapi_config_apply_per_lib :  ITTAPI function NOT instrumented (not matched by --itt-config option): __itt_notify_sync_acquired

4068568 : 0xb2aa3a8dcbadd : 2 : ittapi_config_apply_per_lib :  ITTAPI function NOT instrumented (not matched by --itt-config option): __itt_notify_sync_releasing

4068568 : 0xb2aa3a8dcccf1 : 2 : ittapi_config_apply_per_lib :  ITTAPI function not implemented: __itt_memory_read
4068568 : 0xb2aa3a8dcdd78 : 2 : ittapi_config_apply_per_lib :  ITTAPI function not implemented: __itt_memory_write
4068568 : 0xb2aa3a8dcedd6 : 2 : ittapi_config_apply_per_lib :  ITTAPI function not implemented: __itt_memory_update
4068568 : 0xb2aa3a8dcfe11 : 2 : ittapi_config_apply_per_lib :  ITTAPI function not implemented: __itt_state_get
4068568 : 0xb2aa3a8dd0e46 : 2 : ittapi_config_apply_per_lib :  ITTAPI function not implemented: __itt_state_set
4068568 : 0xb2aa3a8dd1e5e : 2 : ittapi_config_apply_per_lib :  ITTAPI function not implemented: __itt_obj_mode_set
4068568 : 0xb2aa3a8dd4c2a : 2 : ittapi_config_apply_per_lib :  ITTAPI function not implemented: __itt_thr_mode_set
4068568 : 0xb2aa3a8dd5cc2 : 2 : ittapi_config_apply_per_lib :  ITTAPI function instrumented: __itt_frame_create
4068568 : 0xb2aa3a8dd6c93 : 2 : ittapi_config_apply_per_lib :  ITTAPI function instrumented: __itt_pt_region_create
4068568 : 0xb2aa3a8dd7ca1 : 2 : ittapi_config_apply_per_lib :  ITTAPI function instrumented: __itt_frame_begin
4068568 : 0xb2aa3a8dd8c61 : 2 : ittapi_config_apply_per_lib :  ITTAPI function instrumented: __itt_frame_end
4068568 : 0xb2aa3a8dd9d23 : 2 : ittapi_config_apply_per_lib :  ITTAPI function not implemented: __itt_counter_destroy
4068568 : 0xb2aa3a8ddad2b : 2 : ittapi_config_apply_per_lib :  ITTAPI function instrumented: __itt_counter_inc
4068568 : 0xb2aa3a8ddbcf9 : 2 : ittapi_config_apply_per_lib :  ITTAPI function instrumented: __itt_counter_inc_delta
4068568 : 0xb2aa3a8ddcc91 : 2 : ittapi_config_apply_per_lib :  ITTAPI function instrumented: __itt_counter_dec
4068568 : 0xb2aa3a8dddcd5 : 2 : ittapi_config_apply_per_lib :  ITTAPI function instrumented: __itt_counter_dec_delta
4068568 : 0xb2aa3a8de07d7 : 2 : ittapi_config_apply_per_lib :  ITTAPI function instrumented: __itt_counter_set_value
4068568 : 0xb2aa3a8de187b : 2 : ittapi_config_apply_per_lib :  ITTAPI function not implemented: __itt_counter_set_value_ex
4068568 : 0xb2aa3a8de28ff : 2 : ittapi_config_apply_per_lib :  ITTAPI function not implemented: __itt_mark_create
4068568 : 0xb2aa3a8de3959 : 2 : ittapi_config_apply_per_lib :  ITTAPI function not implemented: __itt_mark
4068568 : 0xb2aa3a8de49c4 : 2 : ittapi_config_apply_per_lib :  ITTAPI function not implemented: __itt_mark_off
4068568 : 0xb2aa3a8de5a21 : 2 : ittapi_config_apply_per_lib :  ITTAPI function not implemented: __itt_mark_global
4068568 : 0xb2aa3a8de6aa3 : 2 : ittapi_config_apply_per_lib :  ITTAPI function not implemented: __itt_mark_global_off
4068568 : 0xb2aa3a8de7bd2 : 2 : ittapi_config_apply_per_lib :  ITTAPI function instrumented: __itt_stack_caller_create
4068568 : 0xb2aa3a8de8bc6 : 2 : ittapi_config_apply_per_lib :  ITTAPI function instrumented: __itt_stack_caller_destroy
4068568 : 0xb2aa3a8de9ba9 : 2 : ittapi_config_apply_per_lib :  ITTAPI function instrumented: __itt_stack_callee_enter
4068568 : 0xb2aa3a8ded1a8 : 2 : ittapi_config_apply_per_lib :  ITTAPI function instrumented: __itt_stack_callee_leave
4068568 : 0xb2aa3a8dee29e : 2 : ittapi_config_apply_per_lib :  ITTAPI function not implemented: __itt_clock_domain_create
4068568 : 0xb2aa3a8def35d : 2 : ittapi_config_apply_per_lib :  ITTAPI function not implemented: __itt_clock_domain_reset
4068568 : 0xb2aa3a8df03df : 2 : ittapi_config_apply_per_lib :  ITTAPI function not implemented: __itt_id_create_ex
4068568 : 0xb2aa3a8df147a : 2 : ittapi_config_apply_per_lib :  ITTAPI function not implemented: __itt_id_destroy_ex
4068568 : 0xb2aa3a8df254f : 2 : ittapi_config_apply_per_lib :  ITTAPI function not implemented: __itt_task_begin_ex
4068568 : 0xb2aa3a8df356e : 2 : ittapi_config_apply_per_lib :  ITTAPI function not implemented: __itt_task_begin_fn_ex
4068568 : 0xb2aa3a8df4618 : 2 : ittapi_config_apply_per_lib :  ITTAPI function not implemented: __itt_task_end_ex
4068568 : 0xb2aa3a8df5626 : 2 : ittapi_config_apply_per_lib :  ITTAPI function instrumented: __itt_task_begin_overlapped
4068568 : 0xb2aa3a8df6815 : 2 : ittapi_config_apply_per_lib :  ITTAPI function not implemented: __itt_task_begin_overlapped_ex
4068568 : 0xb2aa3a8df93b3 : 2 : ittapi_config_apply_per_lib :  ITTAPI function instrumented: __itt_task_end_overlapped
4068568 : 0xb2aa3a8dfa459 : 2 : ittapi_config_apply_per_lib :  ITTAPI function not implemented: __itt_task_end_overlapped_ex
4068568 : 0xb2aa3a8dfb4d3 : 2 : ittapi_config_apply_per_lib :  ITTAPI function not implemented: __itt_marker_ex
4068568 : 0xb2aa3a8dfc66a : 2 : ittapi_config_apply_per_lib :  ITTAPI function not implemented: __itt_metadata_add_with_scope
4068568 : 0xb2aa3a8dfd707 : 2 : ittapi_config_apply_per_lib :  ITTAPI function not implemented: __itt_metadata_str_add_with_scope
4068568 : 0xb2aa3a8dfe820 : 2 : ittapi_config_apply_per_lib :  ITTAPI function not implemented: __itt_relation_add_to_current_ex
4068568 : 0xb2aa3a8dff8c2 : 2 : ittapi_config_apply_per_lib :  ITTAPI function not implemented: __itt_relation_add_ex
4068568 : 0xb2aa3a8e008df : 2 : ittapi_config_apply_per_lib :  ITTAPI function not implemented: __itt_track_group_create
4068568 : 0xb2aa3a8e01980 : 2 : ittapi_config_apply_per_lib :  ITTAPI function not implemented: __itt_track_create
4068568 : 0xb2aa3a8e029aa : 2 : ittapi_config_apply_per_lib :  ITTAPI function not implemented: __itt_set_track
4068568 : 0xb2aa3a8e0555a : 2 : ittapi_config_apply_per_lib :  ITTAPI function instrumented: __itt_api_version
4068568 : 0xb2aa3a8e06602 : 2 : ittapi_config_apply_per_lib :  ITTAPI function not implemented: __itt_av_save
4068568 : 0xb2aa3a8e07600 : 2 : ittapi_config_apply_per_lib :  ITTAPI function instrumented: __itt_module_load
4068568 : 0xb2aa3a8e0868c : 2 : ittapi_config_apply_per_lib :  ITTAPI function not implemented: __itt_module_unload
4068568 : 0xb2aa3a8e08e88 : 2 : ittapi_config_apply_per_lib :  ITTAPI function NOT instrumented (not matched by --itt-config option): __itt_histogram_submit

4068568 : 0xb2aa3a8e09f61 : 2 : ittapi_config_apply_per_lib :  ITTAPI function instrumented: __itt_counter_set_value_v3